Archive member included to satisfy reference by file (symbol)

d:/st/stm32cubeide_1.7.0/stm32cubeide/plugins/com.st.stm32cube.ide.mcu.externaltools.gnu-tools-for-stm32.9-2020-q2-update.win32_2.0.0.202105311346/tools/bin/../lib/gcc/arm-none-eabi/9.3.1/../../../../arm-none-eabi/lib/thumb/v7e-m+fp/hard\libc_nano.a(lib_a-errno.o)
                              ./Core/Src/syscalls.o (__errno)
d:/st/stm32cubeide_1.7.0/stm32cubeide/plugins/com.st.stm32cube.ide.mcu.externaltools.gnu-tools-for-stm32.9-2020-q2-update.win32_2.0.0.202105311346/tools/bin/../lib/gcc/arm-none-eabi/9.3.1/../../../../arm-none-eabi/lib/thumb/v7e-m+fp/hard\libc_nano.a(lib_a-exit.o)
                              d:/st/stm32cubeide_1.7.0/stm32cubeide/plugins/com.st.stm32cube.ide.mcu.externaltools.gnu-tools-for-stm32.9-2020-q2-update.win32_2.0.0.202105311346/tools/bin/../lib/gcc/arm-none-eabi/9.3.1/../../../../arm-none-eabi/lib/thumb/v7e-m+fp/hard/crt0.o (exit)
d:/st/stm32cubeide_1.7.0/stm32cubeide/plugins/com.st.stm32cube.ide.mcu.externaltools.gnu-tools-for-stm32.9-2020-q2-update.win32_2.0.0.202105311346/tools/bin/../lib/gcc/arm-none-eabi/9.3.1/../../../../arm-none-eabi/lib/thumb/v7e-m+fp/hard\libc_nano.a(lib_a-impure.o)
                              d:/st/stm32cubeide_1.7.0/stm32cubeide/plugins/com.st.stm32cube.ide.mcu.externaltools.gnu-tools-for-stm32.9-2020-q2-update.win32_2.0.0.202105311346/tools/bin/../lib/gcc/arm-none-eabi/9.3.1/../../../../arm-none-eabi/lib/thumb/v7e-m+fp/hard\libc_nano.a(lib_a-exit.o) (_global_impure_ptr)
d:/st/stm32cubeide_1.7.0/stm32cubeide/plugins/com.st.stm32cube.ide.mcu.externaltools.gnu-tools-for-stm32.9-2020-q2-update.win32_2.0.0.202105311346/tools/bin/../lib/gcc/arm-none-eabi/9.3.1/../../../../arm-none-eabi/lib/thumb/v7e-m+fp/hard\libc_nano.a(lib_a-init.o)
                              d:/st/stm32cubeide_1.7.0/stm32cubeide/plugins/com.st.stm32cube.ide.mcu.externaltools.gnu-tools-for-stm32.9-2020-q2-update.win32_2.0.0.202105311346/tools/bin/../lib/gcc/arm-none-eabi/9.3.1/../../../../arm-none-eabi/lib/thumb/v7e-m+fp/hard/crt0.o (__libc_init_array)
d:/st/stm32cubeide_1.7.0/stm32cubeide/plugins/com.st.stm32cube.ide.mcu.externaltools.gnu-tools-for-stm32.9-2020-q2-update.win32_2.0.0.202105311346/tools/bin/../lib/gcc/arm-none-eabi/9.3.1/../../../../arm-none-eabi/lib/thumb/v7e-m+fp/hard\libc_nano.a(lib_a-memset.o)
                              d:/st/stm32cubeide_1.7.0/stm32cubeide/plugins/com.st.stm32cube.ide.mcu.externaltools.gnu-tools-for-stm32.9-2020-q2-update.win32_2.0.0.202105311346/tools/bin/../lib/gcc/arm-none-eabi/9.3.1/../../../../arm-none-eabi/lib/thumb/v7e-m+fp/hard/crt0.o (memset)
d:/st/stm32cubeide_1.7.0/stm32cubeide/plugins/com.st.stm32cube.ide.mcu.externaltools.gnu-tools-for-stm32.9-2020-q2-update.win32_2.0.0.202105311346/tools/bin/../lib/gcc/arm-none-eabi/9.3.1/../../../../arm-none-eabi/lib/thumb/v7e-m+fp/hard\libc_nano.a(lib_a-nano-vfprintf_float.o)
                              (_printf_float)
d:/st/stm32cubeide_1.7.0/stm32cubeide/plugins/com.st.stm32cube.ide.mcu.externaltools.gnu-tools-for-stm32.9-2020-q2-update.win32_2.0.0.202105311346/tools/bin/../lib/gcc/arm-none-eabi/9.3.1/../../../../arm-none-eabi/lib/thumb/v7e-m+fp/hard\libc_nano.a(lib_a-nano-vfprintf_i.o)
                              d:/st/stm32cubeide_1.7.0/stm32cubeide/plugins/com.st.stm32cube.ide.mcu.externaltools.gnu-tools-for-stm32.9-2020-q2-update.win32_2.0.0.202105311346/tools/bin/../lib/gcc/arm-none-eabi/9.3.1/../../../../arm-none-eabi/lib/thumb/v7e-m+fp/hard\libc_nano.a(lib_a-nano-vfprintf_float.o) (_printf_common)
d:/st/stm32cubeide_1.7.0/stm32cubeide/plugins/com.st.stm32cube.ide.mcu.externaltools.gnu-tools-for-stm32.9-2020-q2-update.win32_2.0.0.202105311346/tools/bin/../lib/gcc/arm-none-eabi/9.3.1/../../../../arm-none-eabi/lib/thumb/v7e-m+fp/hard\libc_nano.a(lib_a-sprintf.o)
                              ./Core/Src/hoverserial.o (sprintf)
d:/st/stm32cubeide_1.7.0/stm32cubeide/plugins/com.st.stm32cube.ide.mcu.externaltools.gnu-tools-for-stm32.9-2020-q2-update.win32_2.0.0.202105311346/tools/bin/../lib/gcc/arm-none-eabi/9.3.1/../../../../arm-none-eabi/lib/thumb/v7e-m+fp/hard\libc_nano.a(lib_a-strlen.o)
                              ./Core/Src/hoverserial.o (strlen)
d:/st/stm32cubeide_1.7.0/stm32cubeide/plugins/com.st.stm32cube.ide.mcu.externaltools.gnu-tools-for-stm32.9-2020-q2-update.win32_2.0.0.202105311346/tools/bin/../lib/gcc/arm-none-eabi/9.3.1/../../../../arm-none-eabi/lib/thumb/v7e-m+fp/hard\libc_nano.a(lib_a-dtoa.o)
                              d:/st/stm32cubeide_1.7.0/stm32cubeide/plugins/com.st.stm32cube.ide.mcu.externaltools.gnu-tools-for-stm32.9-2020-q2-update.win32_2.0.0.202105311346/tools/bin/../lib/gcc/arm-none-eabi/9.3.1/../../../../arm-none-eabi/lib/thumb/v7e-m+fp/hard\libc_nano.a(lib_a-nano-vfprintf_float.o) (_dtoa_r)
[...]
Memory Configuration

Name             Origin             Length             Attributes
RAM              0x0000000020000000 0x0000000000010000 xrw
FLASH            0x0000000008000000 0x0000000000040000 xr
*default*        0x0000000000000000 0xffffffffffffffff

Linker script and memory map

LOAD d:/st/stm32cubeide_1.7.0/stm32cubeide/plugins/com.st.stm32cube.ide.mcu.externaltools.gnu-tools-for-stm32.9-2020-q2-update.win32_2.0.0.202105311346/tools/bin/../lib/gcc/arm-none-eabi/9.3.1/thumb/v7e-m+fp/hard/crti.o
LOAD d:/st/stm32cubeide_1.7.0/stm32cubeide/plugins/com.st.stm32cube.ide.mcu.externaltools.gnu-tools-for-stm32.9-2020-q2-update.win32_2.0.0.202105311346/tools/bin/../lib/gcc/arm-none-eabi/9.3.1/thumb/v7e-m+fp/hard/crtbegin.o
LOAD d:/st/stm32cubeide_1.7.0/stm32cubeide/plugins/com.st.stm32cube.ide.mcu.externaltools.gnu-tools-for-stm32.9-2020-q2-update.win32_2.0.0.202105311346/tools/bin/../lib/gcc/arm-none-eabi/9.3.1/../../../../arm-none-eabi/lib/thumb/v7e-m+fp/hard/crt0.o
LOAD ./Core/Src/adc.o
LOAD ./Core/Src/additives.o
LOAD ./Core/Src/dma.o
LOAD ./Core/Src/gpio.o
LOAD ./Core/Src/hoverserial.o
LOAD ./Core/Src/i2c.o
LOAD ./Core/Src/ibus.o
LOAD ./Core/Src/leg_motor.o
LOAD ./Core/Src/main.o
LOAD ./Core/Src/mpu6050.o
LOAD ./Core/Src/pid.o
LOAD ./Core/Src/servo.o
LOAD ./Core/Src/setting_speed_rc.o
LOAD ./Core/Src/stm32f4xx_hal_msp.o
LOAD ./Core/Src/stm32f4xx_it.o
LOAD ./Core/Src/syscalls.o
LOAD ./Core/Src/sysmem.o
LOAD ./Core/Src/system_stm32f4xx.o
LOAD ./Core/Src/tim.o
LOAD ./Core/Src/usart.o
LOAD ./Core/Startup/startup_stm32f401ccux.o
LOAD ./Drivers/STM32F4xx_HAL_Driver/Src/stm32f4xx_hal.o
LOAD ./Drivers/STM32F4xx_HAL_Driver/Src/stm32f4xx_hal_adc.o
LOAD ./Drivers/STM32F4xx_HAL_Driver/Src/stm32f4xx_hal_adc_ex.o
LOAD ./Drivers/STM32F4xx_HAL_Driver/Src/stm32f4xx_hal_cortex.o
LOAD ./Drivers/STM32F4xx_HAL_Driver/Src/stm32f4xx_hal_dma.o
LOAD ./Drivers/STM32F4xx_HAL_Driver/Src/stm32f4xx_hal_dma_ex.o
LOAD ./Drivers/STM32F4xx_HAL_Driver/Src/stm32f4xx_hal_exti.o
LOAD ./Drivers/STM32F4xx_HAL_Driver/Src/stm32f4xx_hal_flash.o
LOAD ./Drivers/STM32F4xx_HAL_Driver/Src/stm32f4xx_hal_flash_ex.o
LOAD ./Drivers/STM32F4xx_HAL_Driver/Src/stm32f4xx_hal_flash_ramfunc.o
LOAD ./Drivers/STM32F4xx_HAL_Driver/Src/stm32f4xx_hal_gpio.o
LOAD ./Drivers/STM32F4xx_HAL_Driver/Src/stm32f4xx_hal_i2c.o
LOAD ./Drivers/STM32F4xx_HAL_Driver/Src/stm32f4xx_hal_i2c_ex.o
LOAD ./Drivers/STM32F4xx_HAL_Driver/Src/stm32f4xx_hal_pwr.o
LOAD ./Drivers/STM32F4xx_HAL_Driver/Src/stm32f4xx_hal_pwr_ex.o
LOAD ./Drivers/STM32F4xx_HAL_Driver/Src/stm32f4xx_hal_rcc.o
LOAD ./Drivers/STM32F4xx_HAL_Driver/Src/stm32f4xx_hal_rcc_ex.o
LOAD ./Drivers/STM32F4xx_HAL_Driver/Src/stm32f4xx_hal_tim.o
LOAD ./Drivers/STM32F4xx_HAL_Driver/Src/stm32f4xx_hal_tim_ex.o
LOAD ./Drivers/STM32F4xx_HAL_Driver/Src/stm32f4xx_hal_uart.o
LOAD ./Drivers/STM32F4xx_HAL_Driver/Src/stm32f4xx_ll_adc.o
START GROUP
LOAD d:/st/stm32cubeide_1.7.0/stm32cubeide/plugins/com.st.stm32cube.ide.mcu.externaltools.gnu-tools-for-stm32.9-2020-q2-update.win32_2.0.0.202105311346/tools/bin/../lib/gcc/arm-none-eabi/9.3.1/../../../../arm-none-eabi/lib/thumb/v7e-m+fp/hard\libc_nano.a
LOAD d:/st/stm32cubeide_1.7.0/stm32cubeide/plugins/com.st.stm32cube.ide.mcu.externaltools.gnu-tools-for-stm32.9-2020-q2-update.win32_2.0.0.202105311346/tools/bin/../lib/gcc/arm-none-eabi/9.3.1/../../../../arm-none-eabi/lib/thumb/v7e-m+fp/hard\libm.a
END GROUP
START GROUP
LOAD d:/st/stm32cubeide_1.7.0/stm32cubeide/plugins/com.st.stm32cube.ide.mcu.externaltools.gnu-tools-for-stm32.9-2020-q2-update.win32_2.0.0.202105311346/tools/bin/../lib/gcc/arm-none-eabi/9.3.1/thumb/v7e-m+fp/hard\libgcc.a
LOAD d:/st/stm32cubeide_1.7.0/stm32cubeide/plugins/com.st.stm32cube.ide.mcu.externaltools.gnu-tools-for-stm32.9-2020-q2-update.win32_2.0.0.202105311346/tools/bin/../lib/gcc/arm-none-eabi/9.3.1/../../../../arm-none-eabi/lib/thumb/v7e-m+fp/hard\libc_nano.a
END GROUP
START GROUP
LOAD d:/st/stm32cubeide_1.7.0/stm32cubeide/plugins/com.st.stm32cube.ide.mcu.externaltools.gnu-tools-for-stm32.9-2020-q2-update.win32_2.0.0.202105311346/tools/bin/../lib/gcc/arm-none-eabi/9.3.1/thumb/v7e-m+fp/hard\libgcc.a
LOAD d:/st/stm32cubeide_1.7.0/stm32cubeide/plugins/com.st.stm32cube.ide.mcu.externaltools.gnu-tools-for-stm32.9-2020-q2-update.win32_2.0.0.202105311346/tools/bin/../lib/gcc/arm-none-eabi/9.3.1/../../../../arm-none-eabi/lib/thumb/v7e-m+fp/hard\libc_nano.a
LOAD d:/st/stm32cubeide_1.7.0/stm32cubeide/plugins/com.st.stm32cube.ide.mcu.externaltools.gnu-tools-for-stm32.9-2020-q2-update.win32_2.0.0.202105311346/tools/bin/../lib/gcc/arm-none-eabi/9.3.1/../../../../arm-none-eabi/lib/thumb/v7e-m+fp/hard\libnosys.a
END GROUP
START GROUP
LOAD d:/st/stm32cubeide_1.7.0/stm32cubeide/plugins/com.st.stm32cube.ide.mcu.externaltools.gnu-tools-for-stm32.9-2020-q2-update.win32_2.0.0.202105311346/tools/bin/../lib/gcc/arm-none-eabi/9.3.1/thumb/v7e-m+fp/hard\libgcc.a
LOAD d:/st/stm32cubeide_1.7.0/stm32cubeide/plugins/com.st.stm32cube.ide.mcu.externaltools.gnu-tools-for-stm32.9-2020-q2-update.win32_2.0.0.202105311346/tools/bin/../lib/gcc/arm-none-eabi/9.3.1/../../../../arm-none-eabi/lib/thumb/v7e-m+fp/hard\libc_nano.a
LOAD d:/st/stm32cubeide_1.7.0/stm32cubeide/plugins/com.st.stm32cube.ide.mcu.externaltools.gnu-tools-for-stm32.9-2020-q2-update.win32_2.0.0.202105311346/tools/bin/../lib/gcc/arm-none-eabi/9.3.1/../../../../arm-none-eabi/lib/thumb/v7e-m+fp/hard\libnosys.a
END GROUP
LOAD d:/st/stm32cubeide_1.7.0/stm32cubeide/plugins/com.st.stm32cube.ide.mcu.externaltools.gnu-tools-for-stm32.9-2020-q2-update.win32_2.0.0.202105311346/tools/bin/../lib/gcc/arm-none-eabi/9.3.1/thumb/v7e-m+fp/hard/crtend.o
LOAD d:/st/stm32cubeide_1.7.0/stm32cubeide/plugins/com.st.stm32cube.ide.mcu.externaltools.gnu-tools-for-stm32.9-2020-q2-update.win32_2.0.0.202105311346/tools/bin/../lib/gcc/arm-none-eabi/9.3.1/thumb/v7e-m+fp/hard/crtn.o
                0x0000000020010000                _estack = (ORIGIN (RAM) + LENGTH (RAM))
                0x0000000000000200                _Min_Heap_Size = 0x200
                0x0000000000000400                _Min_Stack_Size = 0x400

.isr_vector     0x0000000008000000      0x194
                0x0000000008000000                . = ALIGN (0x4)
 *(.isr_vector)
 .isr_vector    0x0000000008000000      0x194 ./Core/Startup/startup_stm32f401ccux.o
                0x0000000008000000                g_pfnVectors
                0x0000000008000194                . = ALIGN (0x4)

.text           0x00000000080001a0     0xb1dc
                0x00000000080001a0                . = ALIGN (0x4)
 *(.text)
 .text          0x00000000080001a0       0x40 d:/st/stm32cubeide_1.7.0/stm32cubeide/plugins/com.st.stm32cube.ide.mcu.externaltools.gnu-tools-for-stm32.9-2020-q2-update.win32_2.0.0.202105311346/tools/bin/../lib/gcc/arm-none-eabi/9.3.1/thumb/v7e-m+fp/hard/crtbegin.o
 .text          0x00000000080001e0       0x10 d:/st/stm32cubeide_1.7.0/stm32cubeide/plugins/com.st.stm32cube.ide.mcu.externaltools.gnu-tools-for-stm32.9-2020-q2-update.win32_2.0.0.202105311346/tools/bin/../lib/gcc/arm-none-eabi/9.3.1/../../../../arm-none-eabi/lib/thumb/v7e-m+fp/hard\libc_nano.a(lib_a-strlen.o)
                0x00000000080001e0                strlen
 .text          0x00000000080001f0       0xa0 d:/st/stm32cubeide_1.7.0/stm32cubeide/plugins/com.st.stm32cube.ide.mcu.externaltools.gnu-tools-for-stm32.9-2020-q2-update.win32_2.0.0.202105311346/tools/bin/../lib/gcc/arm-none-eabi/9.3.1/../../../../arm-none-eabi/lib/thumb/v7e-m+fp/hard\libc_nano.a(lib_a-memchr.o)
                0x00000000080001f0                memchr
 .text          0x0000000008000290      0x378 d:/st/stm32cubeide_1.7.0/stm32cubeide/plugins/com.st.stm32cube.ide.mcu.externaltools.gnu-tools-for-stm32.9-2020-q2-update.win32_2.0.0.202105311346/tools/bin/../lib/gcc/arm-none-eabi/9.3.1/thumb/v7e-m+fp/hard\libgcc.a(_arm_addsubdf3.o)
                0x0000000008000290                __aeabi_drsub
                0x0000000008000298                __aeabi_dsub
                0x0000000008000298                __subdf3
                0x000000000800029c                __aeabi_dadd
                0x000000000800029c                __adddf3
                0x0000000008000514                __floatunsidf
                0x0000000008000514                __aeabi_ui2d
                0x0000000008000534                __floatsidf
                0x0000000008000534                __aeabi_i2d
                0x0000000008000558                __aeabi_f2d
                0x0000000008000558                __extendsfdf2
                0x000000000800059c                __floatundidf
                0x000000000800059c                __aeabi_ul2d
                0x00000000080005ac                __floatdidf
                0x00000000080005ac                __aeabi_l2d
 .text          0x0000000008000608      0x424 d:/st/stm32cubeide_1.7.0/stm32cubeide/plugins/com.st.stm32cube.ide.mcu.externaltools.gnu-tools-for-stm32.9-2020-q2-update.win32_2.0.0.202105311346/tools/bin/../lib/gcc/arm-none-eabi/9.3.1/thumb/v7e-m+fp/hard\libgcc.a(_arm_muldivdf3.o)
                0x0000000008000608                __aeabi_dmul
                0x0000000008000608                __muldf3
                0x000000000800085c                __divdf3
                0x000000000800085c                __aeabi_ddiv
 .text          0x0000000008000a2c      0x110 d:/st/stm32cubeide_1.7.0/stm32cubeide/plugins/com.st.stm32cube.ide.mcu.externaltools.gnu-tools-for-stm32.9-2020-q2-update.win32_2.0.0.202105311346/tools/bin/../lib/gcc/arm-none-eabi/9.3.1/thumb/v7e-m+fp/hard\libgcc.a(_arm_cmpdf2.o)
                0x0000000008000a2c                __gtdf2
                0x0000000008000a2c                __gedf2
                0x0000000008000a34                __ltdf2
                0x0000000008000a34                __ledf2
                0x0000000008000a3c                __nedf2
                0x0000000008000a3c                __eqdf2
                0x0000000008000a3c                __cmpdf2
                0x0000000008000ab8                __aeabi_cdrcmple
                0x0000000008000ac8                __aeabi_cdcmpeq
                0x0000000008000ac8                __aeabi_cdcmple
                0x0000000008000ad8                __aeabi_dcmpeq
                0x0000000008000aec                __aeabi_dcmplt
                0x0000000008000b00                __aeabi_dcmple
                0x0000000008000b14                __aeabi_dcmpge
                0x0000000008000b28                __aeabi_dcmpgt
 .text          0x0000000008000b3c       0x2c d:/st/stm32cubeide_1.7.0/stm32cubeide/plugins/com.st.stm32cube.ide.mcu.externaltools.gnu-tools-for-stm32.9-2020-q2-update.win32_2.0.0.202105311346/tools/bin/../lib/gcc/arm-none-eabi/9.3.1/thumb/v7e-m+fp/hard\libgcc.a(_arm_unorddf2.o)
                0x0000000008000b3c                __unorddf2
                0x0000000008000b3c                __aeabi_dcmpun
 .text          0x0000000008000b68       0x50 d:/st/stm32cubeide_1.7.0/stm32cubeide/plugins/com.st.stm32cube.ide.mcu.externaltools.gnu-tools-for-stm32.9-2020-q2-update.win32_2.0.0.202105311346/tools/bin/../lib/gcc/arm-none-eabi/9.3.1/thumb/v7e-m+fp/hard\libgcc.a(_arm_fixdfsi.o)
                0x0000000008000b68                __aeabi_d2iz
                0x0000000008000b68                __fixdfsi
 .text          0x0000000008000bb8       0xa0 d:/st/stm32cubeide_1.7.0/stm32cubeide/plugins/com.st.stm32cube.ide.mcu.externaltools.gnu-tools-for-stm32.9-2020-q2-update.win32_2.0.0.202105311346/tools/bin/../lib/gcc/arm-none-eabi/9.3.1/thumb/v7e-m+fp/hard\libgcc.a(_arm_truncdfsf2.o)
                0x0000000008000bb8                __truncdfsf2
                0x0000000008000bb8                __aeabi_d2f
 .text          0x0000000008000c58       0x30 d:/st/stm32cubeide_1.7.0/stm32cubeide/plugins/com.st.stm32cube.ide.mcu.externaltools.gnu-tools-for-stm32.9-2020-q2-update.win32_2.0.0.202105311346/tools/bin/../lib/gcc/arm-none-eabi/9.3.1/thumb/v7e-m+fp/hard\libgcc.a(_aeabi_uldivmod.o)
                0x0000000008000c58                __aeabi_uldivmod
 .text          0x0000000008000c88      0x2c4 d:/st/stm32cubeide_1.7.0/stm32cubeide/plugins/com.st.stm32cube.ide.mcu.externaltools.gnu-tools-for-stm32.9-2020-q2-update.win32_2.0.0.202105311346/tools/bin/../lib/gcc/arm-none-eabi/9.3.1/thumb/v7e-m+fp/hard\libgcc.a(_udivmoddi4.o)
                0x0000000008000c88                __udivmoddi4
 .text          0x0000000008000f4c        0x4 d:/st/stm32cubeide_1.7.0/stm32cubeide/plugins/com.st.stm32cube.ide.mcu.externaltools.gnu-tools-for-stm32.9-2020-q2-update.win32_2.0.0.202105311346/tools/bin/../lib/gcc/arm-none-eabi/9.3.1/thumb/v7e-m+fp/hard\libgcc.a(_dvmd_tls.o)
                0x0000000008000f4c                __aeabi_idiv0
                0x0000000008000f4c                __aeabi_ldiv0
 *(.text*)
 .text.MX_ADC1_Init
                0x0000000008000f50       0xa4 ./Core/Src/adc.o
                0x0000000008000f50                MX_ADC1_Init
 .text.HAL_ADC_MspInit
                0x0000000008000ff4       0x88 ./Core/Src/adc.o
                0x0000000008000ff4                HAL_ADC_MspInit
 .text.LL_SYSTICK_IsActiveCounterFlag
                0x000000000800107c       0x28 ./Core/Src/additives.o
 .text.getCurrentMicros
                0x00000000080010a4       0x64 ./Core/Src/additives.o
                0x00000000080010a4                getCurrentMicros
 .text.map      0x0000000008001108       0x38 ./Core/Src/additives.o
                0x0000000008001108                map
 .text.mapfloat
                0x0000000008001140       0x5c ./Core/Src/additives.o
                0x0000000008001140                mapfloat
 .text.potentiometer_value
                0x000000000800119c       0x90 ./Core/Src/additives.o
                0x000000000800119c                potentiometer_value
 .text.MX_DMA_Init
                0x000000000800122c       0x40 ./Core/Src/dma.o
                0x000000000800122c                MX_DMA_Init
 .text.MX_GPIO_Init
                0x000000000800126c       0xe0 ./Core/Src/gpio.o
                0x000000000800126c                MX_GPIO_Init
 .text.Send     0x000000000800134c       0x60 ./Core/Src/hoverserial.o
                0x000000000800134c                Send
 .text.Receive  0x00000000080013ac      0x39c ./Core/Src/hoverserial.o
                0x00000000080013ac                Receive
 .text.MX_I2C1_Init
                0x0000000008001748       0x5c ./Core/Src/i2c.o
                0x0000000008001748                MX_I2C1_Init
 .text.HAL_I2C_MspInit
                0x00000000080017a4       0x90 ./Core/Src/i2c.o
                0x00000000080017a4                HAL_I2C_MspInit
 .text.ibus_init
                0x0000000008001834       0x1c ./Core/Src/ibus.o
                0x0000000008001834                ibus_init
 .text.ibus_read
                0x0000000008001850       0x40 ./Core/Src/ibus.o
                0x0000000008001850                ibus_read
 .text.ibus_is_valid
                0x0000000008001890       0x30 ./Core/Src/ibus.o
                0x0000000008001890                ibus_is_valid
 .text.ibus_checksum
                0x00000000080018c0       0x60 ./Core/Src/ibus.o
                0x00000000080018c0                ibus_checksum
 .text.ibus_update
                0x0000000008001920       0x5c ./Core/Src/ibus.o
                0x0000000008001920                ibus_update
 .text.ibus_soft_failsafe
                0x000000000800197c       0x78 ./Core/Src/ibus.o
                0x000000000800197c                ibus_soft_failsafe
 .text.ibus_reset_failsafe
                0x00000000080019f4       0x18 ./Core/Src/ibus.o
                0x00000000080019f4                ibus_reset_failsafe
 .text.leg_motor
                0x0000000008001a0c       0x4c ./Core/Src/leg_motor.o
                0x0000000008001a0c                leg_motor
 .text.hide_leg
                0x0000000008001a58       0x64 ./Core/Src/leg_motor.o
                0x0000000008001a58                hide_leg
 *fill*         0x0000000008001abc        0x4 
 .text.main     0x0000000008001ac0      0x2c8 ./Core/Src/main.o
                0x0000000008001ac0                main
 .text.SystemClock_Config
                0x0000000008001d88       0xbc ./Core/Src/main.o
                0x0000000008001d88                SystemClock_Config
 .text.HAL_UART_RxCpltCallback
                0x0000000008001e44       0x38 ./Core/Src/main.o
                0x0000000008001e44                HAL_UART_RxCpltCallback
 .text.Error_Handler
                0x0000000008001e7c        0xa ./Core/Src/main.o
                0x0000000008001e7c                Error_Handler
 *fill*         0x0000000008001e86        0x2 
 .text.MPU6050_Init
                0x0000000008001e88       0xe8 ./Core/Src/mpu6050.o
                0x0000000008001e88                MPU6050_Init
 .text.MPU6050_Read_Accel
                0x0000000008001f70      0x10c ./Core/Src/mpu6050.o
                0x0000000008001f70                MPU6050_Read_Accel
 .text.MPU6050_Read_Gyro
                0x000000000800207c       0xcc ./Core/Src/mpu6050.o
                0x000000000800207c                MPU6050_Read_Gyro
 .text.kalibracja_acc
                0x0000000008002148      0x17c ./Core/Src/mpu6050.o
                0x0000000008002148                kalibracja_acc
 .text.kalibracja_gyro
                0x00000000080022c4       0xf8 ./Core/Src/mpu6050.o
                0x00000000080022c4                kalibracja_gyro
 *fill*         0x00000000080023bc        0x4 
 .text.pid_calculations
                0x00000000080023c0      0x274 ./Core/Src/pid.o
                0x00000000080023c0                pid_calculations
 .text.camera_angle
                0x0000000008002634       0x74 ./Core/Src/servo.o
                0x0000000008002634                camera_angle
 .text.horizontal_control
                0x00000000080026a8      0x160 ./Core/Src/setting_speed_rc.o
                0x00000000080026a8                horizontal_control
 .text.vertical_control
                0x0000000008002808      0x254 ./Core/Src/setting_speed_rc.o
                0x0000000008002808                vertical_control
 .text.HAL_MspInit
                0x0000000008002a5c       0x50 ./Core/Src/stm32f4xx_hal_msp.o
                0x0000000008002a5c                HAL_MspInit
 .text.NMI_Handler
                0x0000000008002aac        0x6 ./Core/Src/stm32f4xx_it.o
                0x0000000008002aac                NMI_Handler
 .text.HardFault_Handler
                0x0000000008002ab2        0x6 ./Core/Src/stm32f4xx_it.o
                0x0000000008002ab2                HardFault_Handler
 .text.MemManage_Handler
                0x0000000008002ab8        0x6 ./Core/Src/stm32f4xx_it.o
                0x0000000008002ab8                MemManage_Handler
 .text.BusFault_Handler
                0x0000000008002abe        0x6 ./Core/Src/stm32f4xx_it.o
                0x0000000008002abe                BusFault_Handler
 .text.UsageFault_Handler
                0x0000000008002ac4        0x6 ./Core/Src/stm32f4xx_it.o
                0x0000000008002ac4                UsageFault_Handler
 .text.SVC_Handler
                0x0000000008002aca        0xe ./Core/Src/stm32f4xx_it.o
                0x0000000008002aca                SVC_Handler
 .text.DebugMon_Handler
                0x0000000008002ad8        0xe ./Core/Src/stm32f4xx_it.o
                0x0000000008002ad8                DebugMon_Handler
 .text.PendSV_Handler
                0x0000000008002ae6        0xe ./Core/Src/stm32f4xx_it.o
                0x0000000008002ae6                PendSV_Handler
 .text.SysTick_Handler
                0x0000000008002af4        0xc ./Core/Src/stm32f4xx_it.o
                0x0000000008002af4                SysTick_Handler
 .text.USART2_IRQHandler
                0x0000000008002b00       0x14 ./Core/Src/stm32f4xx_it.o
                0x0000000008002b00                USART2_IRQHandler
 .text.DMA2_Stream2_IRQHandler
                0x0000000008002b14       0x14 ./Core/Src/stm32f4xx_it.o
                0x0000000008002b14                DMA2_Stream2_IRQHandler
 .text._getpid  0x0000000008002b28       0x10 ./Core/Src/syscalls.o
                0x0000000008002b28                _getpid
 .text._kill    0x0000000008002b38       0x20 ./Core/Src/syscalls.o
                0x0000000008002b38                _kill
 .text._exit    0x0000000008002b58       0x14 ./Core/Src/syscalls.o
                0x0000000008002b58                _exit
 .text._read    0x0000000008002b6c       0x3a ./Core/Src/syscalls.o
                0x0000000008002b6c                _read
 .text._write   0x0000000008002ba6       0x38 ./Core/Src/syscalls.o
                0x0000000008002ba6                _write
 .text._close   0x0000000008002bde       0x18 ./Core/Src/syscalls.o
                0x0000000008002bde                _close
 .text._fstat   0x0000000008002bf6       0x20 ./Core/Src/syscalls.o
                0x0000000008002bf6                _fstat
 .text._isatty  0x0000000008002c16       0x16 ./Core/Src/syscalls.o
                0x0000000008002c16                _isatty
 .text._lseek   0x0000000008002c2c       0x1a ./Core/Src/syscalls.o
                0x0000000008002c2c                _lseek
 *fill*         0x0000000008002c46        0x2 
 .text._sbrk    0x0000000008002c48       0x6c ./Core/Src/sysmem.o
                0x0000000008002c48                _sbrk
 .text.SystemInit
                0x0000000008002cb4       0x24 ./Core/Src/system_stm32f4xx.o
                0x0000000008002cb4                SystemInit
 .text.MX_TIM3_Init
                0x0000000008002cd8      0x100 ./Core/Src/tim.o
                0x0000000008002cd8                MX_TIM3_Init
 .text.MX_TIM11_Init
                0x0000000008002dd8       0x9c ./Core/Src/tim.o
                0x0000000008002dd8                MX_TIM11_Init
 .text.HAL_TIM_Base_MspInit
                0x0000000008002e74       0x70 ./Core/Src/tim.o
                0x0000000008002e74                HAL_TIM_Base_MspInit
 .text.HAL_TIM_MspPostInit
                0x0000000008002ee4       0xc4 ./Core/Src/tim.o
                0x0000000008002ee4                HAL_TIM_MspPostInit
 .text.MX_USART1_UART_Init
                0x0000000008002fa8       0x54 ./Core/Src/usart.o
                0x0000000008002fa8                MX_USART1_UART_Init
 .text.MX_USART2_UART_Init
                0x0000000008002ffc       0x54 ./Core/Src/usart.o
                0x0000000008002ffc                MX_USART2_UART_Init
 .text.MX_USART6_UART_Init
                0x0000000008003050       0x54 ./Core/Src/usart.o
                0x0000000008003050                MX_USART6_UART_Init
 .text.HAL_UART_MspInit
                0x00000000080030a4      0x1dc ./Core/Src/usart.o
                0x00000000080030a4                HAL_UART_MspInit
 .text.Reset_Handler
                0x0000000008003280       0x50 ./Core/Startup/startup_stm32f401ccux.o
                0x0000000008003280                Reset_Handler
 .text.Default_Handler
                0x00000000080032d0        0x2 ./Core/Startup/startup_stm32f401ccux.o
                0x00000000080032d0                RTC_Alarm_IRQHandler
                0x00000000080032d0                EXTI2_IRQHandler
                0x00000000080032d0                SPI4_IRQHandler
                0x00000000080032d0                TIM1_CC_IRQHandler
                0x00000000080032d0                DMA2_Stream5_IRQHandler
                0x00000000080032d0                DMA1_Stream5_IRQHandler
                0x00000000080032d0                PVD_IRQHandler
                0x00000000080032d0                SDIO_IRQHandler
                0x00000000080032d0                TAMP_STAMP_IRQHandler
                0x00000000080032d0                EXTI3_IRQHandler
                0x00000000080032d0                TIM1_UP_TIM10_IRQHandler
                0x00000000080032d0                I2C3_ER_IRQHandler
                0x00000000080032d0                EXTI0_IRQHandler
                0x00000000080032d0                I2C2_EV_IRQHandler
                0x00000000080032d0                DMA1_Stream2_IRQHandler
                0x00000000080032d0                FPU_IRQHandler
                0x00000000080032d0                SPI1_IRQHandler
                0x00000000080032d0                TIM1_BRK_TIM9_IRQHandler
                0x00000000080032d0                DMA2_Stream3_IRQHandler
                0x00000000080032d0                USART6_IRQHandler
                0x00000000080032d0                DMA2_Stream0_IRQHandler
                0x00000000080032d0                TIM4_IRQHandler
                0x00000000080032d0                I2C1_EV_IRQHandler
                0x00000000080032d0                DMA1_Stream6_IRQHandler
                0x00000000080032d0                DMA1_Stream1_IRQHandler
                0x00000000080032d0                TIM3_IRQHandler
                0x00000000080032d0                RCC_IRQHandler
                0x00000000080032d0                Default_Handler
                0x00000000080032d0                EXTI15_10_IRQHandler
                0x00000000080032d0                ADC_IRQHandler
                0x00000000080032d0                DMA1_Stream7_IRQHandler
                0x00000000080032d0                TIM5_IRQHandler
                0x00000000080032d0                DMA2_Stream7_IRQHandler
                0x00000000080032d0                I2C3_EV_IRQHandler
                0x00000000080032d0                EXTI9_5_IRQHandler
                0x00000000080032d0                RTC_WKUP_IRQHandler
                0x00000000080032d0                SPI2_IRQHandler
                0x00000000080032d0                DMA1_Stream0_IRQHandler
                0x00000000080032d0                EXTI4_IRQHandler
                0x00000000080032d0                WWDG_IRQHandler
                0x00000000080032d0                TIM2_IRQHandler
                0x00000000080032d0                OTG_FS_WKUP_IRQHandler
                0x00000000080032d0                TIM1_TRG_COM_TIM11_IRQHandler
                0x00000000080032d0                EXTI1_IRQHandler
                0x00000000080032d0                I2C2_ER_IRQHandler
                0x00000000080032d0                DMA2_Stream1_IRQHandler
                0x00000000080032d0                FLASH_IRQHandler
                0x00000000080032d0                DMA2_Stream4_IRQHandler
                0x00000000080032d0                USART1_IRQHandler
                0x00000000080032d0                OTG_FS_IRQHandler
                0x00000000080032d0                SPI3_IRQHandler
                0x00000000080032d0                DMA1_Stream4_IRQHandler
                0x00000000080032d0                I2C1_ER_IRQHandler
                0x00000000080032d0                DMA2_Stream6_IRQHandler
                0x00000000080032d0                DMA1_Stream3_IRQHandler
 *fill*         0x00000000080032d2        0x2 
 .text.HAL_Init
                0x00000000080032d4       0x44 ./Drivers/STM32F4xx_HAL_Driver/Src/stm32f4xx_hal.o
                0x00000000080032d4                HAL_Init
 .text.HAL_InitTick
                0x0000000008003318       0x60 ./Drivers/STM32F4xx_HAL_Driver/Src/stm32f4xx_hal.o
                0x0000000008003318                HAL_InitTick
 .text.HAL_IncTick
                0x0000000008003378       0x28 ./Drivers/STM32F4xx_HAL_Driver/Src/stm32f4xx_hal.o
                0x0000000008003378                HAL_IncTick
 .text.HAL_GetTick
                0x00000000080033a0       0x18 ./Drivers/STM32F4xx_HAL_Driver/Src/stm32f4xx_hal.o
                0x00000000080033a0                HAL_GetTick
 .text.HAL_Delay
                0x00000000080033b8       0x48 ./Drivers/STM32F4xx_HAL_Driver/Src/stm32f4xx_hal.o
                0x00000000080033b8                HAL_Delay
 .text.HAL_ADC_Init
                0x0000000008003400       0x86 ./Drivers/STM32F4xx_HAL_Driver/Src/stm32f4xx_hal_adc.o
                0x0000000008003400                HAL_ADC_Init
 *fill*         0x0000000008003486        0x2 
 .text.HAL_ADC_Start
                0x0000000008003488      0x168 ./Drivers/STM32F4xx_HAL_Driver/Src/stm32f4xx_hal_adc.o
                0x0000000008003488                HAL_ADC_Start
 .text.HAL_ADC_PollForConversion
                0x00000000080035f0      0x116 ./Drivers/STM32F4xx_HAL_Driver/Src/stm32f4xx_hal_adc.o
                0x00000000080035f0                HAL_ADC_PollForConversion
 .text.HAL_ADC_GetValue
                0x0000000008003706       0x1a ./Drivers/STM32F4xx_HAL_Driver/Src/stm32f4xx_hal_adc.o
                0x0000000008003706                HAL_ADC_GetValue
 .text.HAL_ADC_ConfigChannel
                0x0000000008003720      0x244 ./Drivers/STM32F4xx_HAL_Driver/Src/stm32f4xx_hal_adc.o
                0x0000000008003720                HAL_ADC_ConfigChannel
 .text.ADC_Init
                0x0000000008003964      0x1f8 ./Drivers/STM32F4xx_HAL_Driver/Src/stm32f4xx_hal_adc.o
 .text.__NVIC_SetPriorityGrouping
                0x0000000008003b5c       0x48 ./Drivers/STM32F4xx_HAL_Driver/Src/stm32f4xx_hal_cortex.o
 .text.__NVIC_GetPriorityGrouping
                0x0000000008003ba4       0x1c ./Drivers/STM32F4xx_HAL_Driver/Src/stm32f4xx_hal_cortex.o
 .text.__NVIC_EnableIRQ
                0x0000000008003bc0       0x3c ./Drivers/STM32F4xx_HAL_Driver/Src/stm32f4xx_hal_cortex.o
 .text.__NVIC_SetPriority
                0x0000000008003bfc       0x54 ./Drivers/STM32F4xx_HAL_Driver/Src/stm32f4xx_hal_cortex.o
 .text.NVIC_EncodePriority
                0x0000000008003c50       0x66 ./Drivers/STM32F4xx_HAL_Driver/Src/stm32f4xx_hal_cortex.o
 *fill*         0x0000000008003cb6        0x2 
 .text.SysTick_Config
                0x0000000008003cb8       0x44 ./Drivers/STM32F4xx_HAL_Driver/Src/stm32f4xx_hal_cortex.o
 .text.HAL_NVIC_SetPriorityGrouping
                0x0000000008003cfc       0x16 ./Drivers/STM32F4xx_HAL_Driver/Src/stm32f4xx_hal_cortex.o
                0x0000000008003cfc                HAL_NVIC_SetPriorityGrouping
 .text.HAL_NVIC_SetPriority
                0x0000000008003d12       0x38 ./Drivers/STM32F4xx_HAL_Driver/Src/stm32f4xx_hal_cortex.o
                0x0000000008003d12                HAL_NVIC_SetPriority
 .text.HAL_NVIC_EnableIRQ
                0x0000000008003d4a       0x1c ./Drivers/STM32F4xx_HAL_Driver/Src/stm32f4xx_hal_cortex.o
                0x0000000008003d4a                HAL_NVIC_EnableIRQ
 .text.HAL_SYSTICK_Config
                0x0000000008003d66       0x18 ./Drivers/STM32F4xx_HAL_Driver/Src/stm32f4xx_hal_cortex.o
                0x0000000008003d66                HAL_SYSTICK_Config
 *fill*         0x0000000008003d7e        0x2 
 .text.HAL_DMA_Init
                0x0000000008003d80      0x15c ./Drivers/STM32F4xx_HAL_Driver/Src/stm32f4xx_hal_dma.o
                0x0000000008003d80                HAL_DMA_Init
 .text.HAL_DMA_Start_IT
                0x0000000008003edc       0xb0 ./Drivers/STM32F4xx_HAL_Driver/Src/stm32f4xx_hal_dma.o
                0x0000000008003edc                HAL_DMA_Start_IT
 .text.HAL_DMA_Abort
                0x0000000008003f8c       0xe0 ./Drivers/STM32F4xx_HAL_Driver/Src/stm32f4xx_hal_dma.o
                0x0000000008003f8c                HAL_DMA_Abort
 .text.HAL_DMA_Abort_IT
                0x000000000800406c       0x44 ./Drivers/STM32F4xx_HAL_Driver/Src/stm32f4xx_hal_dma.o
                0x000000000800406c                HAL_DMA_Abort_IT
 .text.HAL_DMA_IRQHandler
                0x00000000080040b0      0x314 ./Drivers/STM32F4xx_HAL_Driver/Src/stm32f4xx_hal_dma.o
                0x00000000080040b0                HAL_DMA_IRQHandler
 .text.DMA_SetConfig
                0x00000000080043c4       0x5c ./Drivers/STM32F4xx_HAL_Driver/Src/stm32f4xx_hal_dma.o
 .text.DMA_CalcBaseAndBitshift
                0x0000000008004420       0x6c ./Drivers/STM32F4xx_HAL_Driver/Src/stm32f4xx_hal_dma.o
 .text.DMA_CheckFifoParam
                0x000000000800448c       0xf8 ./Drivers/STM32F4xx_HAL_Driver/Src/stm32f4xx_hal_dma.o
 .text.HAL_GPIO_Init
                0x0000000008004584      0x308 ./Drivers/STM32F4xx_HAL_Driver/Src/stm32f4xx_hal_gpio.o
                0x0000000008004584                HAL_GPIO_Init
 .text.HAL_GPIO_ReadPin
                0x000000000800488c       0x30 ./Drivers/STM32F4xx_HAL_Driver/Src/stm32f4xx_hal_gpio.o
                0x000000000800488c                HAL_GPIO_ReadPin
 .text.HAL_GPIO_WritePin
                0x00000000080048bc       0x32 ./Drivers/STM32F4xx_HAL_Driver/Src/stm32f4xx_hal_gpio.o
                0x00000000080048bc                HAL_GPIO_WritePin
 .text.HAL_GPIO_TogglePin
                0x00000000080048ee       0x34 ./Drivers/STM32F4xx_HAL_Driver/Src/stm32f4xx_hal_gpio.o
                0x00000000080048ee                HAL_GPIO_TogglePin
 *fill*         0x0000000008004922        0x2 
 .text.HAL_I2C_Init
                0x0000000008004924      0x288 ./Drivers/STM32F4xx_HAL_Driver/Src/stm32f4xx_hal_i2c.o
                0x0000000008004924                HAL_I2C_Init
 .text.HAL_I2C_Mem_Write
                0x0000000008004bac      0x1f4 ./Drivers/STM32F4xx_HAL_Driver/Src/stm32f4xx_hal_i2c.o
                0x0000000008004bac                HAL_I2C_Mem_Write
 .text.HAL_I2C_Mem_Read
                0x0000000008004da0      0x44c ./Drivers/STM32F4xx_HAL_Driver/Src/stm32f4xx_hal_i2c.o
                0x0000000008004da0                HAL_I2C_Mem_Read
 .text.I2C_RequestMemoryWrite
                0x00000000080051ec      0x12c ./Drivers/STM32F4xx_HAL_Driver/Src/stm32f4xx_hal_i2c.o
 .text.I2C_RequestMemoryRead
                0x0000000008005318      0x1d0 ./Drivers/STM32F4xx_HAL_Driver/Src/stm32f4xx_hal_i2c.o
 .text.I2C_WaitOnFlagUntilTimeout
                0x00000000080054e8       0xae ./Drivers/STM32F4xx_HAL_Driver/Src/stm32f4xx_hal_i2c.o
 .text.I2C_WaitOnMasterAddressFlagUntilTimeout
                0x0000000008005596       0xfe ./Drivers/STM32F4xx_HAL_Driver/Src/stm32f4xx_hal_i2c.o
 .text.I2C_WaitOnTXEFlagUntilTimeout
                0x0000000008005694       0x82 ./Drivers/STM32F4xx_HAL_Driver/Src/stm32f4xx_hal_i2c.o
 .text.I2C_WaitOnBTFFlagUntilTimeout
                0x0000000008005716       0x82 ./Drivers/STM32F4xx_HAL_Driver/Src/stm32f4xx_hal_i2c.o
 .text.I2C_WaitOnRXNEFlagUntilTimeout
                0x0000000008005798       0xac ./Drivers/STM32F4xx_HAL_Driver/Src/stm32f4xx_hal_i2c.o
 .text.I2C_IsAcknowledgeFailed
                0x0000000008005844       0x5e ./Drivers/STM32F4xx_HAL_Driver/Src/stm32f4xx_hal_i2c.o
 *fill*         0x00000000080058a2        0x2 
 .text.HAL_RCC_OscConfig
                0x00000000080058a4      0x4f0 ./Drivers/STM32F4xx_HAL_Driver/Src/stm32f4xx_hal_rcc.o
                0x00000000080058a4                HAL_RCC_OscConfig
 .text.HAL_RCC_ClockConfig
                0x0000000008005d94      0x1cc ./Drivers/STM32F4xx_HAL_Driver/Src/stm32f4xx_hal_rcc.o
                0x0000000008005d94                HAL_RCC_ClockConfig
 .text.HAL_RCC_GetSysClockFreq
                0x0000000008005f60      0x16c ./Drivers/STM32F4xx_HAL_Driver/Src/stm32f4xx_hal_rcc.o
                0x0000000008005f60                HAL_RCC_GetSysClockFreq
 .text.HAL_RCC_GetHCLKFreq
                0x00000000080060cc       0x18 ./Drivers/STM32F4xx_HAL_Driver/Src/stm32f4xx_hal_rcc.o
                0x00000000080060cc                HAL_RCC_GetHCLKFreq
 .text.HAL_RCC_GetPCLK1Freq
                0x00000000080060e4       0x28 ./Drivers/STM32F4xx_HAL_Driver/Src/stm32f4xx_hal_rcc.o
                0x00000000080060e4                HAL_RCC_GetPCLK1Freq
 .text.HAL_RCC_GetPCLK2Freq
                0x000000000800610c       0x28 ./Drivers/STM32F4xx_HAL_Driver/Src/stm32f4xx_hal_rcc.o
                0x000000000800610c                HAL_RCC_GetPCLK2Freq
 .text.HAL_TIM_Base_Init
                0x0000000008006134       0x9e ./Drivers/STM32F4xx_HAL_Driver/Src/stm32f4xx_hal_tim.o
                0x0000000008006134                HAL_TIM_Base_Init
 .text.HAL_TIM_PWM_Init
                0x00000000080061d2       0x9e ./Drivers/STM32F4xx_HAL_Driver/Src/stm32f4xx_hal_tim.o
                0x00000000080061d2                HAL_TIM_PWM_Init
 .text.HAL_TIM_PWM_MspInit
                0x0000000008006270       0x14 ./Drivers/STM32F4xx_HAL_Driver/Src/stm32f4xx_hal_tim.o
                0x0000000008006270                HAL_TIM_PWM_MspInit
 .text.HAL_TIM_PWM_Start
                0x0000000008006284      0x160 ./Drivers/STM32F4xx_HAL_Driver/Src/stm32f4xx_hal_tim.o
                0x0000000008006284                HAL_TIM_PWM_Start
 .text.HAL_TIM_PWM_ConfigChannel
                0x00000000080063e4      0x184 ./Drivers/STM32F4xx_HAL_Driver/Src/stm32f4xx_hal_tim.o
                0x00000000080063e4                HAL_TIM_PWM_ConfigChannel
 .text.HAL_TIM_ConfigClockSource
                0x0000000008006568      0x18e ./Drivers/STM32F4xx_HAL_Driver/Src/stm32f4xx_hal_tim.o
                0x0000000008006568                HAL_TIM_ConfigClockSource
 *fill*         0x00000000080066f6        0x2 
 .text.TIM_Base_SetConfig
                0x00000000080066f8      0x100 ./Drivers/STM32F4xx_HAL_Driver/Src/stm32f4xx_hal_tim.o
                0x00000000080066f8                TIM_Base_SetConfig
 .text.TIM_OC1_SetConfig
                0x00000000080067f8       0xcc ./Drivers/STM32F4xx_HAL_Driver/Src/stm32f4xx_hal_tim.o
 .text.TIM_OC2_SetConfig
                0x00000000080068c4       0xd8 ./Drivers/STM32F4xx_HAL_Driver/Src/stm32f4xx_hal_tim.o
                0x00000000080068c4                TIM_OC2_SetConfig
 .text.TIM_OC3_SetConfig
                0x000000000800699c       0xd4 ./Drivers/STM32F4xx_HAL_Driver/Src/stm32f4xx_hal_tim.o
 .text.TIM_OC4_SetConfig
                0x0000000008006a70       0xa0 ./Drivers/STM32F4xx_HAL_Driver/Src/stm32f4xx_hal_tim.o
 .text.TIM_TI1_ConfigInputStage
                0x0000000008006b10       0x5e ./Drivers/STM32F4xx_HAL_Driver/Src/stm32f4xx_hal_tim.o
 .text.TIM_TI2_ConfigInputStage
                0x0000000008006b6e       0x60 ./Drivers/STM32F4xx_HAL_Driver/Src/stm32f4xx_hal_tim.o
 .text.TIM_ITRx_SetConfig
                0x0000000008006bce       0x36 ./Drivers/STM32F4xx_HAL_Driver/Src/stm32f4xx_hal_tim.o
 .text.TIM_ETR_SetConfig
                0x0000000008006c04       0x40 ./Drivers/STM32F4xx_HAL_Driver/Src/stm32f4xx_hal_tim.o
                0x0000000008006c04                TIM_ETR_SetConfig
 .text.TIM_CCxChannelCmd
                0x0000000008006c44       0x4a ./Drivers/STM32F4xx_HAL_Driver/Src/stm32f4xx_hal_tim.o
                0x0000000008006c44                TIM_CCxChannelCmd
 *fill*         0x0000000008006c8e        0x2 
 .text.HAL_TIMEx_MasterConfigSynchronization
                0x0000000008006c90       0xdc ./Drivers/STM32F4xx_HAL_Driver/Src/stm32f4xx_hal_tim_ex.o
                0x0000000008006c90                HAL_TIMEx_MasterConfigSynchronization
 .text.HAL_UART_Init
                0x0000000008006d6c       0x9a ./Drivers/STM32F4xx_HAL_Driver/Src/stm32f4xx_hal_uart.o
                0x0000000008006d6c                HAL_UART_Init
 .text.HAL_UART_Transmit
                0x0000000008006e06      0x124 ./Drivers/STM32F4xx_HAL_Driver/Src/stm32f4xx_hal_uart.o
                0x0000000008006e06                HAL_UART_Transmit
 .text.HAL_UART_Receive_IT
                0x0000000008006f2a       0x60 ./Drivers/STM32F4xx_HAL_Driver/Src/stm32f4xx_hal_uart.o
                0x0000000008006f2a                HAL_UART_Receive_IT
 .text.HAL_UART_Receive_DMA
                0x0000000008006f8a       0x60 ./Drivers/STM32F4xx_HAL_Driver/Src/stm32f4xx_hal_uart.o
                0x0000000008006f8a                HAL_UART_Receive_DMA
 *fill*         0x0000000008006fea        0x2 
 .text.HAL_UART_IRQHandler
                0x0000000008006fec      0x51c ./Drivers/STM32F4xx_HAL_Driver/Src/stm32f4xx_hal_uart.o
                0x0000000008006fec                HAL_UART_IRQHandler
 .text.HAL_UART_TxCpltCallback
                0x0000000008007508       0x14 ./Drivers/STM32F4xx_HAL_Driver/Src/stm32f4xx_hal_uart.o
                0x0000000008007508                HAL_UART_TxCpltCallback
 .text.HAL_UART_RxHalfCpltCallback
                0x000000000800751c       0x14 ./Drivers/STM32F4xx_HAL_Driver/Src/stm32f4xx_hal_uart.o
                0x000000000800751c                HAL_UART_RxHalfCpltCallback
 .text.HAL_UART_ErrorCallback
                0x0000000008007530       0x14 ./Drivers/STM32F4xx_HAL_Driver/Src/stm32f4xx_hal_uart.o
                0x0000000008007530                HAL_UART_ErrorCallback
 .text.HAL_UARTEx_RxEventCallback
                0x0000000008007544       0x18 ./Drivers/STM32F4xx_HAL_Driver/Src/stm32f4xx_hal_uart.o
                0x0000000008007544                HAL_UARTEx_RxEventCallback
 .text.UART_DMAReceiveCplt
                0x000000000800755c      0x126 ./Drivers/STM32F4xx_HAL_Driver/Src/stm32f4xx_hal_uart.o
 .text.UART_DMARxHalfCplt
                0x0000000008007682       0x36 ./Drivers/STM32F4xx_HAL_Driver/Src/stm32f4xx_hal_uart.o
 .text.UART_DMAError
                0x00000000080076b8       0x94 ./Drivers/STM32F4xx_HAL_Driver/Src/stm32f4xx_hal_uart.o
 .text.UART_WaitOnFlagUntilTimeout
                0x000000000800774c       0xdc ./Drivers/STM32F4xx_HAL_Driver/Src/stm32f4xx_hal_uart.o
 .text.UART_Start_Receive_IT
                0x0000000008007828       0x74 ./Drivers/STM32F4xx_HAL_Driver/Src/stm32f4xx_hal_uart.o
                0x0000000008007828                UART_Start_Receive_IT
 .text.UART_Start_Receive_DMA
                0x000000000800789c      0x134 ./Drivers/STM32F4xx_HAL_Driver/Src/stm32f4xx_hal_uart.o
                0x000000000800789c                UART_Start_Receive_DMA
 .text.UART_EndTxTransfer
                0x00000000080079d0       0x50 ./Drivers/STM32F4xx_HAL_Driver/Src/stm32f4xx_hal_uart.o
 .text.UART_EndRxTransfer
                0x0000000008007a20       0xc6 ./Drivers/STM32F4xx_HAL_Driver/Src/stm32f4xx_hal_uart.o
 .text.UART_DMAAbortOnError
                0x0000000008007ae6       0x28 ./Drivers/STM32F4xx_HAL_Driver/Src/stm32f4xx_hal_uart.o
 .text.UART_Transmit_IT
                0x0000000008007b0e       0xa0 ./Drivers/STM32F4xx_HAL_Driver/Src/stm32f4xx_hal_uart.o
 .text.UART_EndTransmit_IT
                0x0000000008007bae       0x30 ./Drivers/STM32F4xx_HAL_Driver/Src/stm32f4xx_hal_uart.o
 .text.UART_Receive_IT
                0x0000000008007bde      0x176 ./Drivers/STM32F4xx_HAL_Driver/Src/stm32f4xx_hal_uart.o
 .text.UART_SetConfig
                0x0000000008007d54      0x390 ./Drivers/STM32F4xx_HAL_Driver/Src/stm32f4xx_hal_uart.o
 .text.__errno  0x00000000080080e4        0xc d:/st/stm32cubeide_1.7.0/stm32cubeide/plugins/com.st.stm32cube.ide.mcu.externaltools.gnu-tools-for-stm32.9-2020-q2-update.win32_2.0.0.202105311346/tools/bin/../lib/gcc/arm-none-eabi/9.3.1/../../../../arm-none-eabi/lib/thumb/v7e-m+fp/hard\libc_nano.a(lib_a-errno.o)
                0x00000000080080e4                __errno
 .text.__libc_init_array
                0x00000000080080f0       0x48 d:/st/stm32cubeide_1.7.0/stm32cubeide/plugins/com.st.stm32cube.ide.mcu.externaltools.gnu-tools-for-stm32.9-2020-q2-update.win32_2.0.0.202105311346/tools/bin/../lib/gcc/arm-none-eabi/9.3.1/../../../../arm-none-eabi/lib/thumb/v7e-m+fp/hard\libc_nano.a(lib_a-init.o)
                0x00000000080080f0                __libc_init_array
 .text.memset   0x0000000008008138       0x10 d:/st/stm32cubeide_1.7.0/stm32cubeide/plugins/com.st.stm32cube.ide.mcu.externaltools.gnu-tools-for-stm32.9-2020-q2-update.win32_2.0.0.202105311346/tools/bin/../lib/gcc/arm-none-eabi/9.3.1/../../../../arm-none-eabi/lib/thumb/v7e-m+fp/hard\libc_nano.a(lib_a-memset.o)
                0x0000000008008138                memset
 .text.__cvt    0x0000000008008148       0xc4 d:/st/stm32cubeide_1.7.0/stm32cubeide/plugins/com.st.stm32cube.ide.mcu.externaltools.gnu-tools-for-stm32.9-2020-q2-update.win32_2.0.0.202105311346/tools/bin/../lib/gcc/arm-none-eabi/9.3.1/../../../../arm-none-eabi/lib/thumb/v7e-m+fp/hard\libc_nano.a(lib_a-nano-vfprintf_float.o)
                0x0000000008008148                __cvt
 .text.__exponent
                0x000000000800820c       0x7c d:/st/stm32cubeide_1.7.0/stm32cubeide/plugins/com.st.stm32cube.ide.mcu.externaltools.gnu-tools-for-stm32.9-2020-q2-update.win32_2.0.0.202105311346/tools/bin/../lib/gcc/arm-none-eabi/9.3.1/../../../../arm-none-eabi/lib/thumb/v7e-m+fp/hard\libc_nano.a(lib_a-nano-vfprintf_float.o)
                0x000000000800820c                __exponent
 .text._printf_float
                0x0000000008008288      0x46c d:/st/stm32cubeide_1.7.0/stm32cubeide/plugins/com.st.stm32cube.ide.mcu.externaltools.gnu-tools-for-stm32.9-2020-q2-update.win32_2.0.0.202105311346/tools/bin/../lib/gcc/arm-none-eabi/9.3.1/../../../../arm-none-eabi/lib/thumb/v7e-m+fp/hard\libc_nano.a(lib_a-nano-vfprintf_float.o)
                0x0000000008008288                _printf_float
 .text._printf_common
                0x00000000080086f4       0xda d:/st/stm32cubeide_1.7.0/stm32cubeide/plugins/com.st.stm32cube.ide.mcu.externaltools.gnu-tools-for-stm32.9-2020-q2-update.win32_2.0.0.202105311346/tools/bin/../lib/gcc/arm-none-eabi/9.3.1/../../../../arm-none-eabi/lib/thumb/v7e-m+fp/hard\libc_nano.a(lib_a-nano-vfprintf_i.o)
                0x00000000080086f4                _printf_common
 *fill*         0x00000000080087ce        0x2 
 .text._printf_i
                0x00000000080087d0      0x24c d:/st/stm32cubeide_1.7.0/stm32cubeide/plugins/com.st.stm32cube.ide.mcu.externaltools.gnu-tools-for-stm32.9-2020-q2-update.win32_2.0.0.202105311346/tools/bin/../lib/gcc/arm-none-eabi/9.3.1/../../../../arm-none-eabi/lib/thumb/v7e-m+fp/hard\libc_nano.a(lib_a-nano-vfprintf_i.o)
                0x00000000080087d0                _printf_i
 .text.sprintf  0x0000000008008a1c       0x40 d:/st/stm32cubeide_1.7.0/stm32cubeide/plugins/com.st.stm32cube.ide.mcu.externaltools.gnu-tools-for-stm32.9-2020-q2-update.win32_2.0.0.202105311346/tools/bin/../lib/gcc/arm-none-eabi/9.3.1/../../../../arm-none-eabi/lib/thumb/v7e-m+fp/hard\libc_nano.a(lib_a-sprintf.o)
                0x0000000008008a1c                siprintf
                0x0000000008008a1c                sprintf
 .text.quorem   0x0000000008008a5c      0x116 d:/st/stm32cubeide_1.7.0/stm32cubeide/plugins/com.st.stm32cube.ide.mcu.externaltools.gnu-tools-for-stm32.9-2020-q2-update.win32_2.0.0.202105311346/tools/bin/../lib/gcc/arm-none-eabi/9.3.1/../../../../arm-none-eabi/lib/thumb/v7e-m+fp/hard\libc_nano.a(lib_a-dtoa.o)
 *fill*         0x0000000008008b72        0x6 
 .text._dtoa_r  0x0000000008008b78      0xbd8 d:/st/stm32cubeide_1.7.0/stm32cubeide/plugins/com.st.stm32cube.ide.mcu.externaltools.gnu-tools-for-stm32.9-2020-q2-update.win32_2.0.0.202105311346/tools/bin/../lib/gcc/arm-none-eabi/9.3.1/../../../../arm-none-eabi/lib/thumb/v7e-m+fp/hard\libc_nano.a(lib_a-dtoa.o)
                0x0000000008008b78                _dtoa_r
 .text._localeconv_r
                0x0000000008009750        0x8 d:/st/stm32cubeide_1.7.0/stm32cubeide/plugins/com.st.stm32cube.ide.mcu.externaltools.gnu-tools-for-stm32.9-2020-q2-update.win32_2.0.0.202105311346/tools/bin/../lib/gcc/arm-none-eabi/9.3.1/../../../../arm-none-eabi/lib/thumb/v7e-m+fp/hard\libc_nano.a(lib_a-localeconv.o)
                0x0000000008009750                _localeconv_r
 .text.malloc   0x0000000008009758       0x10 d:/st/stm32cubeide_1.7.0/stm32cubeide/plugins/com.st.stm32cube.ide.mcu.externaltools.gnu-tools-for-stm32.9-2020-q2-update.win32_2.0.0.202105311346/tools/bin/../lib/gcc/arm-none-eabi/9.3.1/../../../../arm-none-eabi/lib/thumb/v7e-m+fp/hard\libc_nano.a(lib_a-malloc.o)
                0x0000000008009758                malloc
 .text.memcpy   0x0000000008009768       0x1c d:/st/stm32cubeide_1.7.0/stm32cubeide/plugins/com.st.stm32cube.ide.mcu.externaltools.gnu-tools-for-stm32.9-2020-q2-update.win32_2.0.0.202105311346/tools/bin/../lib/gcc/arm-none-eabi/9.3.1/../../../../arm-none-eabi/lib/thumb/v7e-m+fp/hard\libc_nano.a(lib_a-memcpy-stub.o)
                0x0000000008009768                memcpy
 .text._Balloc  0x0000000008009784       0x80 d:/st/stm32cubeide_1.7.0/stm32cubeide/plugins/com.st.stm32cube.ide.mcu.externaltools.gnu-tools-for-stm32.9-2020-q2-update.win32_2.0.0.202105311346/tools/bin/../lib/gcc/arm-none-eabi/9.3.1/../../../../arm-none-eabi/lib/thumb/v7e-m+fp/hard\libc_nano.a(lib_a-mprec.o)
                0x0000000008009784                _Balloc
 .text._Bfree   0x0000000008009804       0x44 d:/st/stm32cubeide_1.7.0/stm32cubeide/plugins/com.st.stm32cube.ide.mcu.externaltools.gnu-tools-for-stm32.9-2020-q2-update.win32_2.0.0.202105311346/tools/bin/../lib/gcc/arm-none-eabi/9.3.1/../../../../arm-none-eabi/lib/thumb/v7e-m+fp/hard\libc_nano.a(lib_a-mprec.o)
                0x0000000008009804                _Bfree
 .text.__multadd
                0x0000000008009848       0x94 d:/st/stm32cubeide_1.7.0/stm32cubeide/plugins/com.st.stm32cube.ide.mcu.externaltools.gnu-tools-for-stm32.9-2020-q2-update.win32_2.0.0.202105311346/tools/bin/../lib/gcc/arm-none-eabi/9.3.1/../../../../arm-none-eabi/lib/thumb/v7e-m+fp/hard\libc_nano.a(lib_a-mprec.o)
                0x0000000008009848                __multadd
 .text.__hi0bits
                0x00000000080098dc       0x40 d:/st/stm32cubeide_1.7.0/stm32cubeide/plugins/com.st.stm32cube.ide.mcu.externaltools.gnu-tools-for-stm32.9-2020-q2-update.win32_2.0.0.202105311346/tools/bin/../lib/gcc/arm-none-eabi/9.3.1/../../../../arm-none-eabi/lib/thumb/v7e-m+fp/hard\libc_nano.a(lib_a-mprec.o)
                0x00000000080098dc                __hi0bits
 .text.__lo0bits
                0x000000000800991c       0x60 d:/st/stm32cubeide_1.7.0/stm32cubeide/plugins/com.st.stm32cube.ide.mcu.externaltools.gnu-tools-for-stm32.9-2020-q2-update.win32_2.0.0.202105311346/tools/bin/../lib/gcc/arm-none-eabi/9.3.1/../../../../arm-none-eabi/lib/thumb/v7e-m+fp/hard\libc_nano.a(lib_a-mprec.o)
                0x000000000800991c                __lo0bits
 .text.__i2b    0x000000000800997c       0x2c d:/st/stm32cubeide_1.7.0/stm32cubeide/plugins/com.st.stm32cube.ide.mcu.externaltools.gnu-tools-for-stm32.9-2020-q2-update.win32_2.0.0.202105311346/tools/bin/../lib/gcc/arm-none-eabi/9.3.1/../../../../arm-none-eabi/lib/thumb/v7e-m+fp/hard\libc_nano.a(lib_a-mprec.o)
                0x000000000800997c                __i2b
 .text.__multiply
                0x00000000080099a8      0x14c d:/st/stm32cubeide_1.7.0/stm32cubeide/plugins/com.st.stm32cube.ide.mcu.externaltools.gnu-tools-for-stm32.9-2020-q2-update.win32_2.0.0.202105311346/tools/bin/../lib/gcc/arm-none-eabi/9.3.1/../../../../arm-none-eabi/lib/thumb/v7e-m+fp/hard\libc_nano.a(lib_a-mprec.o)
                0x00000000080099a8                __multiply
 .text.__pow5mult
                0x0000000008009af4       0xb4 d:/st/stm32cubeide_1.7.0/stm32cubeide/plugins/com.st.stm32cube.ide.mcu.externaltools.gnu-tools-for-stm32.9-2020-q2-update.win32_2.0.0.202105311346/tools/bin/../lib/gcc/arm-none-eabi/9.3.1/../../../../arm-none-eabi/lib/thumb/v7e-m+fp/hard\libc_nano.a(lib_a-mprec.o)
                0x0000000008009af4                __pow5mult
 .text.__lshift
                0x0000000008009ba8       0xd8 d:/st/stm32cubeide_1.7.0/stm32cubeide/plugins/com.st.stm32cube.ide.mcu.externaltools.gnu-tools-for-stm32.9-2020-q2-update.win32_2.0.0.202105311346/tools/bin/../lib/gcc/arm-none-eabi/9.3.1/../../../../arm-none-eabi/lib/thumb/v7e-m+fp/hard\libc_nano.a(lib_a-mprec.o)
                0x0000000008009ba8                __lshift
 .text.__mcmp   0x0000000008009c80       0x38 d:/st/stm32cubeide_1.7.0/stm32cubeide/plugins/com.st.stm32cube.ide.mcu.externaltools.gnu-tools-for-stm32.9-2020-q2-update.win32_2.0.0.202105311346/tools/bin/../lib/gcc/arm-none-eabi/9.3.1/../../../../arm-none-eabi/lib/thumb/v7e-m+fp/hard\libc_nano.a(lib_a-mprec.o)
                0x0000000008009c80                __mcmp
 .text.__mdiff  0x0000000008009cb8      0x110 d:/st/stm32cubeide_1.7.0/stm32cubeide/plugins/com.st.stm32cube.ide.mcu.externaltools.gnu-tools-for-stm32.9-2020-q2-update.win32_2.0.0.202105311346/tools/bin/../lib/gcc/arm-none-eabi/9.3.1/../../../../arm-none-eabi/lib/thumb/v7e-m+fp/hard\libc_nano.a(lib_a-mprec.o)
                0x0000000008009cb8                __mdiff
 .text.__d2b    0x0000000008009dc8       0xb8 d:/st/stm32cubeide_1.7.0/stm32cubeide/plugins/com.st.stm32cube.ide.mcu.externaltools.gnu-tools-for-stm32.9-2020-q2-update.win32_2.0.0.202105311346/tools/bin/../lib/gcc/arm-none-eabi/9.3.1/../../../../arm-none-eabi/lib/thumb/v7e-m+fp/hard\libc_nano.a(lib_a-mprec.o)
                0x0000000008009dc8                __d2b
 .text._calloc_r
                0x0000000008009e80       0x1e d:/st/stm32cubeide_1.7.0/stm32cubeide/plugins/com.st.stm32cube.ide.mcu.externaltools.gnu-tools-for-stm32.9-2020-q2-update.win32_2.0.0.202105311346/tools/bin/../lib/gcc/arm-none-eabi/9.3.1/../../../../arm-none-eabi/lib/thumb/v7e-m+fp/hard\libc_nano.a(lib_a-nano-callocr.o)
                0x0000000008009e80                _calloc_r
 *fill*         0x0000000008009e9e        0x2 
 .text._free_r  0x0000000008009ea0       0xa0 d:/st/stm32cubeide_1.7.0/stm32cubeide/plugins/com.st.stm32cube.ide.mcu.externaltools.gnu-tools-for-stm32.9-2020-q2-update.win32_2.0.0.202105311346/tools/bin/../lib/gcc/arm-none-eabi/9.3.1/../../../../arm-none-eabi/lib/thumb/v7e-m+fp/hard\libc_nano.a(lib_a-nano-freer.o)
                0x0000000008009ea0                _free_r
 .text._malloc_r
                0x0000000008009f40       0xb4 d:/st/stm32cubeide_1.7.0/stm32cubeide/plugins/com.st.stm32cube.ide.mcu.externaltools.gnu-tools-for-stm32.9-2020-q2-update.win32_2.0.0.202105311346/tools/bin/../lib/gcc/arm-none-eabi/9.3.1/../../../../arm-none-eabi/lib/thumb/v7e-m+fp/hard\libc_nano.a(lib_a-nano-mallocr.o)
                0x0000000008009f40                _malloc_r
 .text.__ssputs_r
                0x0000000008009ff4       0xb6 d:/st/stm32cubeide_1.7.0/stm32cubeide/plugins/com.st.stm32cube.ide.mcu.externaltools.gnu-tools-for-stm32.9-2020-q2-update.win32_2.0.0.202105311346/tools/bin/../lib/gcc/arm-none-eabi/9.3.1/../../../../arm-none-eabi/lib/thumb/v7e-m+fp/hard\libc_nano.a(lib_a-nano-svfprintf.o)
                0x0000000008009ff4                __ssputs_r
 *fill*         0x000000000800a0aa        0x2 
 .text._svfprintf_r
                0x000000000800a0ac      0x200 d:/st/stm32cubeide_1.7.0/stm32cubeide/plugins/com.st.stm32cube.ide.mcu.externaltools.gnu-tools-for-stm32.9-2020-q2-update.win32_2.0.0.202105311346/tools/bin/../lib/gcc/arm-none-eabi/9.3.1/../../../../arm-none-eabi/lib/thumb/v7e-m+fp/hard\libc_nano.a(lib_a-nano-svfprintf.o)
                0x000000000800a0ac                _svfiprintf_r
                0x000000000800a0ac                _svfprintf_r
 .text._sbrk_r  0x000000000800a2ac       0x20 d:/st/stm32cubeide_1.7.0/stm32cubeide/plugins/com.st.stm32cube.ide.mcu.externaltools.gnu-tools-for-stm32.9-2020-q2-update.win32_2.0.0.202105311346/tools/bin/../lib/gcc/arm-none-eabi/9.3.1/../../../../arm-none-eabi/lib/thumb/v7e-m+fp/hard\libc_nano.a(lib_a-sbrkr.o)
                0x000000000800a2ac                _sbrk_r
 .text.__assert_func
                0x000000000800a2cc       0x3c d:/st/stm32cubeide_1.7.0/stm32cubeide/plugins/com.st.stm32cube.ide.mcu.externaltools.gnu-tools-for-stm32.9-2020-q2-update.win32_2.0.0.202105311346/tools/bin/../lib/gcc/arm-none-eabi/9.3.1/../../../../arm-none-eabi/lib/thumb/v7e-m+fp/hard\libc_nano.a(lib_a-assert.o)
                0x000000000800a2cc                __assert_func
 .text.fprintf  0x000000000800a308       0x24 d:/st/stm32cubeide_1.7.0/stm32cubeide/plugins/com.st.stm32cube.ide.mcu.externaltools.gnu-tools-for-stm32.9-2020-q2-update.win32_2.0.0.202105311346/tools/bin/../lib/gcc/arm-none-eabi/9.3.1/../../../../arm-none-eabi/lib/thumb/v7e-m+fp/hard\libc_nano.a(lib_a-fprintf.o)
                0x000000000800a308                fiprintf
                0x000000000800a308                fprintf
 .text.__ascii_mbtowc
                0x000000000800a32c       0x24 d:/st/stm32cubeide_1.7.0/stm32cubeide/plugins/com.st.stm32cube.ide.mcu.externaltools.gnu-tools-for-stm32.9-2020-q2-update.win32_2.0.0.202105311346/tools/bin/../lib/gcc/arm-none-eabi/9.3.1/../../../../arm-none-eabi/lib/thumb/v7e-m+fp/hard\libc_nano.a(lib_a-mbtowc_r.o)
                0x000000000800a32c                __ascii_mbtowc
 .text.memmove  0x000000000800a350       0x34 d:/st/stm32cubeide_1.7.0/stm32cubeide/plugins/com.st.stm32cube.ide.mcu.externaltools.gnu-tools-for-stm32.9-2020-q2-update.win32_2.0.0.202105311346/tools/bin/../lib/gcc/arm-none-eabi/9.3.1/../../../../arm-none-eabi/lib/thumb/v7e-m+fp/hard\libc_nano.a(lib_a-memmove.o)
                0x000000000800a350                memmove
 .text.__malloc_lock
                0x000000000800a384        0xc d:/st/stm32cubeide_1.7.0/stm32cubeide/plugins/com.st.stm32cube.ide.mcu.externaltools.gnu-tools-for-stm32.9-2020-q2-update.win32_2.0.0.202105311346/tools/bin/../lib/gcc/arm-none-eabi/9.3.1/../../../../arm-none-eabi/lib/thumb/v7e-m+fp/hard\libc_nano.a(lib_a-mlock.o)
                0x000000000800a384                __malloc_lock
 .text.__malloc_unlock
                0x000000000800a390        0xc d:/st/stm32cubeide_1.7.0/stm32cubeide/plugins/com.st.stm32cube.ide.mcu.externaltools.gnu-tools-for-stm32.9-2020-q2-update.win32_2.0.0.202105311346/tools/bin/../lib/gcc/arm-none-eabi/9.3.1/../../../../arm-none-eabi/lib/thumb/v7e-m+fp/hard\libc_nano.a(lib_a-mlock.o)
                0x000000000800a390                __malloc_unlock
 .text._realloc_r
                0x000000000800a39c       0x4c d:/st/stm32cubeide_1.7.0/stm32cubeide/plugins/com.st.stm32cube.ide.mcu.externaltools.gnu-tools-for-stm32.9-2020-q2-update.win32_2.0.0.202105311346/tools/bin/../lib/gcc/arm-none-eabi/9.3.1/../../../../arm-none-eabi/lib/thumb/v7e-m+fp/hard\libc_nano.a(lib_a-nano-reallocr.o)
                0x000000000800a39c                _realloc_r
 .text.__sfputc_r
                0x000000000800a3e8       0x2e d:/st/stm32cubeide_1.7.0/stm32cubeide/plugins/com.st.stm32cube.ide.mcu.externaltools.gnu-tools-for-stm32.9-2020-q2-update.win32_2.0.0.202105311346/tools/bin/../lib/gcc/arm-none-eabi/9.3.1/../../../../arm-none-eabi/lib/thumb/v7e-m+fp/hard\libc_nano.a(lib_a-nano-vfprintf.o)
 .text.__sfputs_r
                0x000000000800a416       0x24 d:/st/stm32cubeide_1.7.0/stm32cubeide/plugins/com.st.stm32cube.ide.mcu.externaltools.gnu-tools-for-stm32.9-2020-q2-update.win32_2.0.0.202105311346/tools/bin/../lib/gcc/arm-none-eabi/9.3.1/../../../../arm-none-eabi/lib/thumb/v7e-m+fp/hard\libc_nano.a(lib_a-nano-vfprintf.o)
                0x000000000800a416                __sfputs_r
 *fill*         0x000000000800a43a        0x2 
 .text._vfprintf_r
                0x000000000800a43c      0x260 d:/st/stm32cubeide_1.7.0/stm32cubeide/plugins/com.st.stm32cube.ide.mcu.externaltools.gnu-tools-for-stm32.9-2020-q2-update.win32_2.0.0.202105311346/tools/bin/../lib/gcc/arm-none-eabi/9.3.1/../../../../arm-none-eabi/lib/thumb/v7e-m+fp/hard\libc_nano.a(lib_a-nano-vfprintf.o)
                0x000000000800a43c                _vfprintf_r
                0x000000000800a43c                _vfiprintf_r
 .text.__swbuf_r
                0x000000000800a69c       0xa4 d:/st/stm32cubeide_1.7.0/stm32cubeide/plugins/com.st.stm32cube.ide.mcu.externaltools.gnu-tools-for-stm32.9-2020-q2-update.win32_2.0.0.202105311346/tools/bin/../lib/gcc/arm-none-eabi/9.3.1/../../../../arm-none-eabi/lib/thumb/v7e-m+fp/hard\libc_nano.a(lib_a-wbuf.o)
                0x000000000800a69c                __swbuf_r
 .text.__ascii_wctomb
                0x000000000800a740       0x1a d:/st/stm32cubeide_1.7.0/stm32cubeide/plugins/com.st.stm32cube.ide.mcu.externaltools.gnu-tools-for-stm32.9-2020-q2-update.win32_2.0.0.202105311346/tools/bin/../lib/gcc/arm-none-eabi/9.3.1/../../../../arm-none-eabi/lib/thumb/v7e-m+fp/hard\libc_nano.a(lib_a-wctomb_r.o)
                0x000000000800a740                __ascii_wctomb
 *fill*         0x000000000800a75a        0x2 
 .text.__swsetup_r
                0x000000000800a75c       0xdc d:/st/stm32cubeide_1.7.0/stm32cubeide/plugins/com.st.stm32cube.ide.mcu.externaltools.gnu-tools-for-stm32.9-2020-q2-update.win32_2.0.0.202105311346/tools/bin/../lib/gcc/arm-none-eabi/9.3.1/../../../../arm-none-eabi/lib/thumb/v7e-m+fp/hard\libc_nano.a(lib_a-wsetup.o)
                0x000000000800a75c                __swsetup_r
 .text.abort    0x000000000800a838        0xe d:/st/stm32cubeide_1.7.0/stm32cubeide/plugins/com.st.stm32cube.ide.mcu.externaltools.gnu-tools-for-stm32.9-2020-q2-update.win32_2.0.0.202105311346/tools/bin/../lib/gcc/arm-none-eabi/9.3.1/../../../../arm-none-eabi/lib/thumb/v7e-m+fp/hard\libc_nano.a(lib_a-abort.o)
                0x000000000800a838                abort
 *fill*         0x000000000800a846        0x2 
 .text.__sflush_r
                0x000000000800a848      0x10c d:/st/stm32cubeide_1.7.0/stm32cubeide/plugins/com.st.stm32cube.ide.mcu.externaltools.gnu-tools-for-stm32.9-2020-q2-update.win32_2.0.0.202105311346/tools/bin/../lib/gcc/arm-none-eabi/9.3.1/../../../../arm-none-eabi/lib/thumb/v7e-m+fp/hard\libc_nano.a(lib_a-fflush.o)
                0x000000000800a848                __sflush_r
 .text._fflush_r
                0x000000000800a954       0x78 d:/st/stm32cubeide_1.7.0/stm32cubeide/plugins/com.st.stm32cube.ide.mcu.externaltools.gnu-tools-for-stm32.9-2020-q2-update.win32_2.0.0.202105311346/tools/bin/../lib/gcc/arm-none-eabi/9.3.1/../../../../arm-none-eabi/lib/thumb/v7e-m+fp/hard\libc_nano.a(lib_a-fflush.o)
                0x000000000800a954                _fflush_r
 .text.std      0x000000000800a9cc       0x48 d:/st/stm32cubeide_1.7.0/stm32cubeide/plugins/com.st.stm32cube.ide.mcu.externaltools.gnu-tools-for-stm32.9-2020-q2-update.win32_2.0.0.202105311346/tools/bin/../lib/gcc/arm-none-eabi/9.3.1/../../../../arm-none-eabi/lib/thumb/v7e-m+fp/hard\libc_nano.a(lib_a-findfp.o)
 .text._cleanup_r
                0x000000000800aa14        0xc d:/st/stm32cubeide_1.7.0/stm32cubeide/plugins/com.st.stm32cube.ide.mcu.externaltools.gnu-tools-for-stm32.9-2020-q2-update.win32_2.0.0.202105311346/tools/bin/../lib/gcc/arm-none-eabi/9.3.1/../../../../arm-none-eabi/lib/thumb/v7e-m+fp/hard\libc_nano.a(lib_a-findfp.o)
                0x000000000800aa14                _cleanup_r
 .text.__sfmoreglue
                0x000000000800aa20       0x2c d:/st/stm32cubeide_1.7.0/stm32cubeide/plugins/com.st.stm32cube.ide.mcu.externaltools.gnu-tools-for-stm32.9-2020-q2-update.win32_2.0.0.202105311346/tools/bin/../lib/gcc/arm-none-eabi/9.3.1/../../../../arm-none-eabi/lib/thumb/v7e-m+fp/hard\libc_nano.a(lib_a-findfp.o)
                0x000000000800aa20                __sfmoreglue
 .text.__sfp_lock_acquire
                0x000000000800aa4c        0xc d:/st/stm32cubeide_1.7.0/stm32cubeide/plugins/com.st.stm32cube.ide.mcu.externaltools.gnu-tools-for-stm32.9-2020-q2-update.win32_2.0.0.202105311346/tools/bin/../lib/gcc/arm-none-eabi/9.3.1/../../../../arm-none-eabi/lib/thumb/v7e-m+fp/hard\libc_nano.a(lib_a-findfp.o)
                0x000000000800aa4c                __sfp_lock_acquire
 .text.__sfp_lock_release
                0x000000000800aa58        0xc d:/st/stm32cubeide_1.7.0/stm32cubeide/plugins/com.st.stm32cube.ide.mcu.externaltools.gnu-tools-for-stm32.9-2020-q2-update.win32_2.0.0.202105311346/tools/bin/../lib/gcc/arm-none-eabi/9.3.1/../../../../arm-none-eabi/lib/thumb/v7e-m+fp/hard\libc_nano.a(lib_a-findfp.o)
                0x000000000800aa58                __sfp_lock_release
 .text.__sinit_lock_acquire
                0x000000000800aa64        0xc d:/st/stm32cubeide_1.7.0/stm32cubeide/plugins/com.st.stm32cube.ide.mcu.externaltools.gnu-tools-for-stm32.9-2020-q2-update.win32_2.0.0.202105311346/tools/bin/../lib/gcc/arm-none-eabi/9.3.1/../../../../arm-none-eabi/lib/thumb/v7e-m+fp/hard\libc_nano.a(lib_a-findfp.o)
                0x000000000800aa64                __sinit_lock_acquire
 .text.__sinit_lock_release
                0x000000000800aa70        0xc d:/st/stm32cubeide_1.7.0/stm32cubeide/plugins/com.st.stm32cube.ide.mcu.externaltools.gnu-tools-for-stm32.9-2020-q2-update.win32_2.0.0.202105311346/tools/bin/../lib/gcc/arm-none-eabi/9.3.1/../../../../arm-none-eabi/lib/thumb/v7e-m+fp/hard\libc_nano.a(lib_a-findfp.o)
                0x000000000800aa70                __sinit_lock_release
 .text.__sinit  0x000000000800aa7c       0x70 d:/st/stm32cubeide_1.7.0/stm32cubeide/plugins/com.st.stm32cube.ide.mcu.externaltools.gnu-tools-for-stm32.9-2020-q2-update.win32_2.0.0.202105311346/tools/bin/../lib/gcc/arm-none-eabi/9.3.1/../../../../arm-none-eabi/lib/thumb/v7e-m+fp/hard\libc_nano.a(lib_a-findfp.o)
                0x000000000800aa7c                __sinit
 .text.__sfp    0x000000000800aaec       0x8c d:/st/stm32cubeide_1.7.0/stm32cubeide/plugins/com.st.stm32cube.ide.mcu.externaltools.gnu-tools-for-stm32.9-2020-q2-update.win32_2.0.0.202105311346/tools/bin/../lib/gcc/arm-none-eabi/9.3.1/../../../../arm-none-eabi/lib/thumb/v7e-m+fp/hard\libc_nano.a(lib_a-findfp.o)
                0x000000000800aaec                __sfp
 .text._fwalk_reent
                0x000000000800ab78       0x3e d:/st/stm32cubeide_1.7.0/stm32cubeide/plugins/com.st.stm32cube.ide.mcu.externaltools.gnu-tools-for-stm32.9-2020-q2-update.win32_2.0.0.202105311346/tools/bin/../lib/gcc/arm-none-eabi/9.3.1/../../../../arm-none-eabi/lib/thumb/v7e-m+fp/hard\libc_nano.a(lib_a-fwalk.o)
                0x000000000800ab78                _fwalk_reent
 .text.__retarget_lock_init_recursive
                0x000000000800abb6        0x2 d:/st/stm32cubeide_1.7.0/stm32cubeide/plugins/com.st.stm32cube.ide.mcu.externaltools.gnu-tools-for-stm32.9-2020-q2-update.win32_2.0.0.202105311346/tools/bin/../lib/gcc/arm-none-eabi/9.3.1/../../../../arm-none-eabi/lib/thumb/v7e-m+fp/hard\libc_nano.a(lib_a-lock.o)
                0x000000000800abb6                __retarget_lock_init_recursive
 .text.__retarget_lock_acquire_recursive
                0x000000000800abb8        0x2 d:/st/stm32cubeide_1.7.0/stm32cubeide/plugins/com.st.stm32cube.ide.mcu.externaltools.gnu-tools-for-stm32.9-2020-q2-update.win32_2.0.0.202105311346/tools/bin/../lib/gcc/arm-none-eabi/9.3.1/../../../../arm-none-eabi/lib/thumb/v7e-m+fp/hard\libc_nano.a(lib_a-lock.o)
                0x000000000800abb8                __retarget_lock_acquire_recursive
 .text.__retarget_lock_release_recursive
                0x000000000800abba        0x2 d:/st/stm32cubeide_1.7.0/stm32cubeide/plugins/com.st.stm32cube.ide.mcu.externaltools.gnu-tools-for-stm32.9-2020-q2-update.win32_2.0.0.202105311346/tools/bin/../lib/gcc/arm-none-eabi/9.3.1/../../../../arm-none-eabi/lib/thumb/v7e-m+fp/hard\libc_nano.a(lib_a-lock.o)
                0x000000000800abba                __retarget_lock_release_recursive
 .text.__swhatbuf_r
                0x000000000800abbc       0x48 d:/st/stm32cubeide_1.7.0/stm32cubeide/plugins/com.st.stm32cube.ide.mcu.externaltools.gnu-tools-for-stm32.9-2020-q2-update.win32_2.0.0.202105311346/tools/bin/../lib/gcc/arm-none-eabi/9.3.1/../../../../arm-none-eabi/lib/thumb/v7e-m+fp/hard\libc_nano.a(lib_a-makebuf.o)
                0x000000000800abbc                __swhatbuf_r
 .text.__smakebuf_r
                0x000000000800ac04       0x80 d:/st/stm32cubeide_1.7.0/stm32cubeide/plugins/com.st.stm32cube.ide.mcu.externaltools.gnu-tools-for-stm32.9-2020-q2-update.win32_2.0.0.202105311346/tools/bin/../lib/gcc/arm-none-eabi/9.3.1/../../../../arm-none-eabi/lib/thumb/v7e-m+fp/hard\libc_nano.a(lib_a-makebuf.o)
                0x000000000800ac04                __smakebuf_r
 .text._malloc_usable_size_r
                0x000000000800ac84       0x10 d:/st/stm32cubeide_1.7.0/stm32cubeide/plugins/com.st.stm32cube.ide.mcu.externaltools.gnu-tools-for-stm32.9-2020-q2-update.win32_2.0.0.202105311346/tools/bin/../lib/gcc/arm-none-eabi/9.3.1/../../../../arm-none-eabi/lib/thumb/v7e-m+fp/hard\libc_nano.a(lib_a-nano-msizer.o)
                0x000000000800ac84                _malloc_usable_size_r
 .text._raise_r
                0x000000000800ac94       0x50 d:/st/stm32cubeide_1.7.0/stm32cubeide/plugins/com.st.stm32cube.ide.mcu.externaltools.gnu-tools-for-stm32.9-2020-q2-update.win32_2.0.0.202105311346/tools/bin/../lib/gcc/arm-none-eabi/9.3.1/../../../../arm-none-eabi/lib/thumb/v7e-m+fp/hard\libc_nano.a(lib_a-signal.o)
                0x000000000800ac94                _raise_r
 .text.raise    0x000000000800ace4       0x10 d:/st/stm32cubeide_1.7.0/stm32cubeide/plugins/com.st.stm32cube.ide.mcu.externaltools.gnu-tools-for-stm32.9-2020-q2-update.win32_2.0.0.202105311346/tools/bin/../lib/gcc/arm-none-eabi/9.3.1/../../../../arm-none-eabi/lib/thumb/v7e-m+fp/hard\libc_nano.a(lib_a-signal.o)
                0x000000000800ace4                raise
 .text._kill_r  0x000000000800acf4       0x24 d:/st/stm32cubeide_1.7.0/stm32cubeide/plugins/com.st.stm32cube.ide.mcu.externaltools.gnu-tools-for-stm32.9-2020-q2-update.win32_2.0.0.202105311346/tools/bin/../lib/gcc/arm-none-eabi/9.3.1/../../../../arm-none-eabi/lib/thumb/v7e-m+fp/hard\libc_nano.a(lib_a-signalr.o)
                0x000000000800acf4                _kill_r
 .text._getpid_r
                0x000000000800ad18        0x4 d:/st/stm32cubeide_1.7.0/stm32cubeide/plugins/com.st.stm32cube.ide.mcu.externaltools.gnu-tools-for-stm32.9-2020-q2-update.win32_2.0.0.202105311346/tools/bin/../lib/gcc/arm-none-eabi/9.3.1/../../../../arm-none-eabi/lib/thumb/v7e-m+fp/hard\libc_nano.a(lib_a-signalr.o)
                0x000000000800ad18                _getpid_r
 .text.__sread  0x000000000800ad1c       0x22 d:/st/stm32cubeide_1.7.0/stm32cubeide/plugins/com.st.stm32cube.ide.mcu.externaltools.gnu-tools-for-stm32.9-2020-q2-update.win32_2.0.0.202105311346/tools/bin/../lib/gcc/arm-none-eabi/9.3.1/../../../../arm-none-eabi/lib/thumb/v7e-m+fp/hard\libc_nano.a(lib_a-stdio.o)
                0x000000000800ad1c                __sread
 .text.__swrite
                0x000000000800ad3e       0x38 d:/st/stm32cubeide_1.7.0/stm32cubeide/plugins/com.st.stm32cube.ide.mcu.externaltools.gnu-tools-for-stm32.9-2020-q2-update.win32_2.0.0.202105311346/tools/bin/../lib/gcc/arm-none-eabi/9.3.1/../../../../arm-none-eabi/lib/thumb/v7e-m+fp/hard\libc_nano.a(lib_a-stdio.o)
                0x000000000800ad3e                __swrite
 .text.__sseek  0x000000000800ad76       0x24 d:/st/stm32cubeide_1.7.0/stm32cubeide/plugins/com.st.stm32cube.ide.mcu.externaltools.gnu-tools-for-stm32.9-2020-q2-update.win32_2.0.0.202105311346/tools/bin/../lib/gcc/arm-none-eabi/9.3.1/../../../../arm-none-eabi/lib/thumb/v7e-m+fp/hard\libc_nano.a(lib_a-stdio.o)
                0x000000000800ad76                __sseek
 .text.__sclose
                0x000000000800ad9a        0x8 d:/st/stm32cubeide_1.7.0/stm32cubeide/plugins/com.st.stm32cube.ide.mcu.externaltools.gnu-tools-for-stm32.9-2020-q2-update.win32_2.0.0.202105311346/tools/bin/../lib/gcc/arm-none-eabi/9.3.1/../../../../arm-none-eabi/lib/thumb/v7e-m+fp/hard\libc_nano.a(lib_a-stdio.o)
                0x000000000800ad9a                __sclose
 *fill*         0x000000000800ada2        0x2 
 .text._write_r
                0x000000000800ada4       0x24 d:/st/stm32cubeide_1.7.0/stm32cubeide/plugins/com.st.stm32cube.ide.mcu.externaltools.gnu-tools-for-stm32.9-2020-q2-update.win32_2.0.0.202105311346/tools/bin/../lib/gcc/arm-none-eabi/9.3.1/../../../../arm-none-eabi/lib/thumb/v7e-m+fp/hard\libc_nano.a(lib_a-writer.o)
                0x000000000800ada4                _write_r
 .text._close_r
                0x000000000800adc8       0x20 d:/st/stm32cubeide_1.7.0/stm32cubeide/plugins/com.st.stm32cube.ide.mcu.externaltools.gnu-tools-for-stm32.9-2020-q2-update.win32_2.0.0.202105311346/tools/bin/../lib/gcc/arm-none-eabi/9.3.1/../../../../arm-none-eabi/lib/thumb/v7e-m+fp/hard\libc_nano.a(lib_a-closer.o)
                0x000000000800adc8                _close_r
 .text._fstat_r
                0x000000000800ade8       0x24 d:/st/stm32cubeide_1.7.0/stm32cubeide/plugins/com.st.stm32cube.ide.mcu.externaltools.gnu-tools-for-stm32.9-2020-q2-update.win32_2.0.0.202105311346/tools/bin/../lib/gcc/arm-none-eabi/9.3.1/../../../../arm-none-eabi/lib/thumb/v7e-m+fp/hard\libc_nano.a(lib_a-fstatr.o)
                0x000000000800ade8                _fstat_r
 .text._isatty_r
                0x000000000800ae0c       0x20 d:/st/stm32cubeide_1.7.0/stm32cubeide/plugins/com.st.stm32cube.ide.mcu.externaltools.gnu-tools-for-stm32.9-2020-q2-update.win32_2.0.0.202105311346/tools/bin/../lib/gcc/arm-none-eabi/9.3.1/../../../../arm-none-eabi/lib/thumb/v7e-m+fp/hard\libc_nano.a(lib_a-isattyr.o)
                0x000000000800ae0c                _isatty_r
 .text._lseek_r
                0x000000000800ae2c       0x24 d:/st/stm32cubeide_1.7.0/stm32cubeide/plugins/com.st.stm32cube.ide.mcu.externaltools.gnu-tools-for-stm32.9-2020-q2-update.win32_2.0.0.202105311346/tools/bin/../lib/gcc/arm-none-eabi/9.3.1/../../../../arm-none-eabi/lib/thumb/v7e-m+fp/hard\libc_nano.a(lib_a-lseekr.o)
                0x000000000800ae2c                _lseek_r
 .text._read_r  0x000000000800ae50       0x24 d:/st/stm32cubeide_1.7.0/stm32cubeide/plugins/com.st.stm32cube.ide.mcu.externaltools.gnu-tools-for-stm32.9-2020-q2-update.win32_2.0.0.202105311346/tools/bin/../lib/gcc/arm-none-eabi/9.3.1/../../../../arm-none-eabi/lib/thumb/v7e-m+fp/hard\libc_nano.a(lib_a-readr.o)
                0x000000000800ae50                _read_r
 .text.atan2    0x000000000800ae74        0x4 d:/st/stm32cubeide_1.7.0/stm32cubeide/plugins/com.st.stm32cube.ide.mcu.externaltools.gnu-tools-for-stm32.9-2020-q2-update.win32_2.0.0.202105311346/tools/bin/../lib/gcc/arm-none-eabi/9.3.1/../../../../arm-none-eabi/lib/thumb/v7e-m+fp/hard\libm.a(lib_a-w_atan2.o)
                0x000000000800ae74                atan2
 .text.__ieee754_atan2
                0x000000000800ae78      0x194 d:/st/stm32cubeide_1.7.0/stm32cubeide/plugins/com.st.stm32cube.ide.mcu.externaltools.gnu-tools-for-stm32.9-2020-q2-update.win32_2.0.0.202105311346/tools/bin/../lib/gcc/arm-none-eabi/9.3.1/../../../../arm-none-eabi/lib/thumb/v7e-m+fp/hard\libm.a(lib_a-e_atan2.o)
                0x000000000800ae78                __ieee754_atan2
 *fill*         0x000000000800b00c        0x4 
 .text.atan     0x000000000800b010      0x340 d:/st/stm32cubeide_1.7.0/stm32cubeide/plugins/com.st.stm32cube.ide.mcu.externaltools.gnu-tools-for-stm32.9-2020-q2-update.win32_2.0.0.202105311346/tools/bin/../lib/gcc/arm-none-eabi/9.3.1/../../../../arm-none-eabi/lib/thumb/v7e-m+fp/hard\libm.a(lib_a-s_atan.o)
                0x000000000800b010                atan
 .text.fabs     0x000000000800b350       0x12 d:/st/stm32cubeide_1.7.0/stm32cubeide/plugins/com.st.stm32cube.ide.mcu.externaltools.gnu-tools-for-stm32.9-2020-q2-update.win32_2.0.0.202105311346/tools/bin/../lib/gcc/arm-none-eabi/9.3.1/../../../../arm-none-eabi/lib/thumb/v7e-m+fp/hard\libm.a(lib_a-s_fabs.o)
                0x000000000800b350                fabs
 *(.glue_7)
 .glue_7        0x000000000800b362        0x0 linker stubs
 *(.glue_7t)
 .glue_7t       0x000000000800b362        0x0 linker stubs
 *(.eh_frame)
 *fill*         0x000000000800b362        0x2 
 .eh_frame      0x000000000800b364        0x0 d:/st/stm32cubeide_1.7.0/stm32cubeide/plugins/com.st.stm32cube.ide.mcu.externaltools.gnu-tools-for-stm32.9-2020-q2-update.win32_2.0.0.202105311346/tools/bin/../lib/gcc/arm-none-eabi/9.3.1/thumb/v7e-m+fp/hard/crtbegin.o
 *(.init)
 .init          0x000000000800b364        0x4 d:/st/stm32cubeide_1.7.0/stm32cubeide/plugins/com.st.stm32cube.ide.mcu.externaltools.gnu-tools-for-stm32.9-2020-q2-update.win32_2.0.0.202105311346/tools/bin/../lib/gcc/arm-none-eabi/9.3.1/thumb/v7e-m+fp/hard/crti.o
                0x000000000800b364                _init
 .init          0x000000000800b368        0x8 d:/st/stm32cubeide_1.7.0/stm32cubeide/plugins/com.st.stm32cube.ide.mcu.externaltools.gnu-tools-for-stm32.9-2020-q2-update.win32_2.0.0.202105311346/tools/bin/../lib/gcc/arm-none-eabi/9.3.1/thumb/v7e-m+fp/hard/crtn.o
 *(.fini)
 .fini          0x000000000800b370        0x4 d:/st/stm32cubeide_1.7.0/stm32cubeide/plugins/com.st.stm32cube.ide.mcu.externaltools.gnu-tools-for-stm32.9-2020-q2-update.win32_2.0.0.202105311346/tools/bin/../lib/gcc/arm-none-eabi/9.3.1/thumb/v7e-m+fp/hard/crti.o
                0x000000000800b370                _fini
 .fini          0x000000000800b374        0x8 d:/st/stm32cubeide_1.7.0/stm32cubeide/plugins/com.st.stm32cube.ide.mcu.externaltools.gnu-tools-for-stm32.9-2020-q2-update.win32_2.0.0.202105311346/tools/bin/../lib/gcc/arm-none-eabi/9.3.1/thumb/v7e-m+fp/hard/crtn.o
                0x000000000800b37c                . = ALIGN (0x4)
                0x000000000800b37c                _etext = .

.vfp11_veneer   0x000000000800b37c        0x0
 .vfp11_veneer  0x000000000800b37c        0x0 linker stubs

.v4_bx          0x000000000800b37c        0x0
 .v4_bx         0x000000000800b37c        0x0 linker stubs

.iplt           0x000000000800b37c        0x0
 .iplt          0x000000000800b37c        0x0 d:/st/stm32cubeide_1.7.0/stm32cubeide/plugins/com.st.stm32cube.ide.mcu.externaltools.gnu-tools-for-stm32.9-2020-q2-update.win32_2.0.0.202105311346/tools/bin/../lib/gcc/arm-none-eabi/9.3.1/thumb/v7e-m+fp/hard/crtbegin.o

.rodata         0x000000000800b380      0x4b0
                0x000000000800b380                . = ALIGN (0x4)
 *(.rodata)
 .rodata        0x000000000800b380       0x37 ./Core/Src/hoverserial.o
 *(.rodata*)
 *fill*         0x000000000800b3b7        0x1 
 .rodata.AHBPrescTable
                0x000000000800b3b8       0x10 ./Core/Src/system_stm32f4xx.o
                0x000000000800b3b8                AHBPrescTable
 .rodata.APBPrescTable
                0x000000000800b3c8        0x8 ./Core/Src/system_stm32f4xx.o
                0x000000000800b3c8                APBPrescTable
 .rodata.flagBitshiftOffset.8841
                0x000000000800b3d0        0x8 ./Drivers/STM32F4xx_HAL_Driver/Src/stm32f4xx_hal_dma.o
 .rodata._global_impure_ptr
                0x000000000800b3d8        0x4 d:/st/stm32cubeide_1.7.0/stm32cubeide/plugins/com.st.stm32cube.ide.mcu.externaltools.gnu-tools-for-stm32.9-2020-q2-update.win32_2.0.0.202105311346/tools/bin/../lib/gcc/arm-none-eabi/9.3.1/../../../../arm-none-eabi/lib/thumb/v7e-m+fp/hard\libc_nano.a(lib_a-impure.o)
                0x000000000800b3d8                _global_impure_ptr
 .rodata._printf_float.str1.1
                0x000000000800b3dc       0x12 d:/st/stm32cubeide_1.7.0/stm32cubeide/plugins/com.st.stm32cube.ide.mcu.externaltools.gnu-tools-for-stm32.9-2020-q2-update.win32_2.0.0.202105311346/tools/bin/../lib/gcc/arm-none-eabi/9.3.1/../../../../arm-none-eabi/lib/thumb/v7e-m+fp/hard\libc_nano.a(lib_a-nano-vfprintf_float.o)
 .rodata._printf_i.str1.1
                0x000000000800b3ee       0x22 d:/st/stm32cubeide_1.7.0/stm32cubeide/plugins/com.st.stm32cube.ide.mcu.externaltools.gnu-tools-for-stm32.9-2020-q2-update.win32_2.0.0.202105311346/tools/bin/../lib/gcc/arm-none-eabi/9.3.1/../../../../arm-none-eabi/lib/thumb/v7e-m+fp/hard\libc_nano.a(lib_a-nano-vfprintf_i.o)
 .rodata._dtoa_r.str1.1
                0x000000000800b410       0x94 d:/st/stm32cubeide_1.7.0/stm32cubeide/plugins/com.st.stm32cube.ide.mcu.externaltools.gnu-tools-for-stm32.9-2020-q2-update.win32_2.0.0.202105311346/tools/bin/../lib/gcc/arm-none-eabi/9.3.1/../../../../arm-none-eabi/lib/thumb/v7e-m+fp/hard\libc_nano.a(lib_a-dtoa.o)
                                         0x96 (size before relaxing)
 .rodata._Balloc.str1.1
                0x000000000800b4a4       0x60 d:/st/stm32cubeide_1.7.0/stm32cubeide/plugins/com.st.stm32cube.ide.mcu.externaltools.gnu-tools-for-stm32.9-2020-q2-update.win32_2.0.0.202105311346/tools/bin/../lib/gcc/arm-none-eabi/9.3.1/../../../../arm-none-eabi/lib/thumb/v7e-m+fp/hard\libc_nano.a(lib_a-mprec.o)
                                         0x77 (size before relaxing)
 .rodata.__multadd.str1.1
                0x000000000800b504       0x11 d:/st/stm32cubeide_1.7.0/stm32cubeide/plugins/com.st.stm32cube.ide.mcu.externaltools.gnu-tools-for-stm32.9-2020-q2-update.win32_2.0.0.202105311346/tools/bin/../lib/gcc/arm-none-eabi/9.3.1/../../../../arm-none-eabi/lib/thumb/v7e-m+fp/hard\libc_nano.a(lib_a-mprec.o)
 *fill*         0x000000000800b504        0x4 
 .rodata.__mprec_bigtens
                0x000000000800b508       0x28 d:/st/stm32cubeide_1.7.0/stm32cubeide/plugins/com.st.stm32cube.ide.mcu.externaltools.gnu-tools-for-stm32.9-2020-q2-update.win32_2.0.0.202105311346/tools/bin/../lib/gcc/arm-none-eabi/9.3.1/../../../../arm-none-eabi/lib/thumb/v7e-m+fp/hard\libc_nano.a(lib_a-mprec.o)
                0x000000000800b508                __mprec_bigtens
 .rodata.__mprec_tens
                0x000000000800b530       0xc8 d:/st/stm32cubeide_1.7.0/stm32cubeide/plugins/com.st.stm32cube.ide.mcu.externaltools.gnu-tools-for-stm32.9-2020-q2-update.win32_2.0.0.202105311346/tools/bin/../lib/gcc/arm-none-eabi/9.3.1/../../../../arm-none-eabi/lib/thumb/v7e-m+fp/hard\libc_nano.a(lib_a-mprec.o)
                0x000000000800b530                __mprec_tens
 .rodata.p05.7513
                0x000000000800b5f8        0xc d:/st/stm32cubeide_1.7.0/stm32cubeide/plugins/com.st.stm32cube.ide.mcu.externaltools.gnu-tools-for-stm32.9-2020-q2-update.win32_2.0.0.202105311346/tools/bin/../lib/gcc/arm-none-eabi/9.3.1/../../../../arm-none-eabi/lib/thumb/v7e-m+fp/hard\libc_nano.a(lib_a-mprec.o)
 .rodata._svfprintf_r.str1.1
                0x000000000800b604       0x11 d:/st/stm32cubeide_1.7.0/stm32cubeide/plugins/com.st.stm32cube.ide.mcu.externaltools.gnu-tools-for-stm32.9-2020-q2-update.win32_2.0.0.202105311346/tools/bin/../lib/gcc/arm-none-eabi/9.3.1/../../../../arm-none-eabi/lib/thumb/v7e-m+fp/hard\libc_nano.a(lib_a-nano-svfprintf.o)
 .rodata.__assert_func.str1.1
                0x000000000800b615       0x3c d:/st/stm32cubeide_1.7.0/stm32cubeide/plugins/com.st.stm32cube.ide.mcu.externaltools.gnu-tools-for-stm32.9-2020-q2-update.win32_2.0.0.202105311346/tools/bin/../lib/gcc/arm-none-eabi/9.3.1/../../../../arm-none-eabi/lib/thumb/v7e-m+fp/hard\libc_nano.a(lib_a-assert.o)
                                         0x3d (size before relaxing)
 .rodata._setlocale_r.str1.1
                0x000000000800b651        0x8 d:/st/stm32cubeide_1.7.0/stm32cubeide/plugins/com.st.stm32cube.ide.mcu.externaltools.gnu-tools-for-stm32.9-2020-q2-update.win32_2.0.0.202105311346/tools/bin/../lib/gcc/arm-none-eabi/9.3.1/../../../../arm-none-eabi/lib/thumb/v7e-m+fp/hard\libc_nano.a(lib_a-locale.o)
                                          0x9 (size before relaxing)
 .rodata.str1.1
                0x000000000800b659        0x2 d:/st/stm32cubeide_1.7.0/stm32cubeide/plugins/com.st.stm32cube.ide.mcu.externaltools.gnu-tools-for-stm32.9-2020-q2-update.win32_2.0.0.202105311346/tools/bin/../lib/gcc/arm-none-eabi/9.3.1/../../../../arm-none-eabi/lib/thumb/v7e-m+fp/hard\libc_nano.a(lib_a-locale.o)
 .rodata._vfprintf_r.str1.1
                0x000000000800b65b       0x11 d:/st/stm32cubeide_1.7.0/stm32cubeide/plugins/com.st.stm32cube.ide.mcu.externaltools.gnu-tools-for-stm32.9-2020-q2-update.win32_2.0.0.202105311346/tools/bin/../lib/gcc/arm-none-eabi/9.3.1/../../../../arm-none-eabi/lib/thumb/v7e-m+fp/hard\libc_nano.a(lib_a-nano-vfprintf.o)
 .rodata._ctype_
                0x000000000800b65b      0x101 d:/st/stm32cubeide_1.7.0/stm32cubeide/plugins/com.st.stm32cube.ide.mcu.externaltools.gnu-tools-for-stm32.9-2020-q2-update.win32_2.0.0.202105311346/tools/bin/../lib/gcc/arm-none-eabi/9.3.1/../../../../arm-none-eabi/lib/thumb/v7e-m+fp/hard\libc_nano.a(lib_a-ctype_.o)
                0x000000000800b65b                _ctype_
 .rodata.__sf_fake_stderr
                0x000000000800b75c       0x20 d:/st/stm32cubeide_1.7.0/stm32cubeide/plugins/com.st.stm32cube.ide.mcu.externaltools.gnu-tools-for-stm32.9-2020-q2-update.win32_2.0.0.202105311346/tools/bin/../lib/gcc/arm-none-eabi/9.3.1/../../../../arm-none-eabi/lib/thumb/v7e-m+fp/hard\libc_nano.a(lib_a-findfp.o)
                0x000000000800b75c                __sf_fake_stderr
 .rodata.__sf_fake_stdin
                0x000000000800b77c       0x20 d:/st/stm32cubeide_1.7.0/stm32cubeide/plugins/com.st.stm32cube.ide.mcu.externaltools.gnu-tools-for-stm32.9-2020-q2-update.win32_2.0.0.202105311346/tools/bin/../lib/gcc/arm-none-eabi/9.3.1/../../../../arm-none-eabi/lib/thumb/v7e-m+fp/hard\libc_nano.a(lib_a-findfp.o)
                0x000000000800b77c                __sf_fake_stdin
 .rodata.__sf_fake_stdout
                0x000000000800b79c       0x20 d:/st/stm32cubeide_1.7.0/stm32cubeide/plugins/com.st.stm32cube.ide.mcu.externaltools.gnu-tools-for-stm32.9-2020-q2-update.win32_2.0.0.202105311346/tools/bin/../lib/gcc/arm-none-eabi/9.3.1/../../../../arm-none-eabi/lib/thumb/v7e-m+fp/hard\libc_nano.a(lib_a-findfp.o)
                0x000000000800b79c                __sf_fake_stdout
 *fill*         0x000000000800b7bc        0x4 
 .rodata.CSWTCH.8
                0x000000000800b7c0       0x18 d:/st/stm32cubeide_1.7.0/stm32cubeide/plugins/com.st.stm32cube.ide.mcu.externaltools.gnu-tools-for-stm32.9-2020-q2-update.win32_2.0.0.202105311346/tools/bin/../lib/gcc/arm-none-eabi/9.3.1/../../../../arm-none-eabi/lib/thumb/v7e-m+fp/hard\libm.a(lib_a-e_atan2.o)
 .rodata.CSWTCH.9
                0x000000000800b7d8       0x18 d:/st/stm32cubeide_1.7.0/stm32cubeide/plugins/com.st.stm32cube.ide.mcu.externaltools.gnu-tools-for-stm32.9-2020-q2-update.win32_2.0.0.202105311346/tools/bin/../lib/gcc/arm-none-eabi/9.3.1/../../../../arm-none-eabi/lib/thumb/v7e-m+fp/hard\libm.a(lib_a-e_atan2.o)
 .rodata.atanhi
                0x000000000800b7f0       0x20 d:/st/stm32cubeide_1.7.0/stm32cubeide/plugins/com.st.stm32cube.ide.mcu.externaltools.gnu-tools-for-stm32.9-2020-q2-update.win32_2.0.0.202105311346/tools/bin/../lib/gcc/arm-none-eabi/9.3.1/../../../../arm-none-eabi/lib/thumb/v7e-m+fp/hard\libm.a(lib_a-s_atan.o)
 .rodata.atanlo
                0x000000000800b810       0x20 d:/st/stm32cubeide_1.7.0/stm32cubeide/plugins/com.st.stm32cube.ide.mcu.externaltools.gnu-tools-for-stm32.9-2020-q2-update.win32_2.0.0.202105311346/tools/bin/../lib/gcc/arm-none-eabi/9.3.1/../../../../arm-none-eabi/lib/thumb/v7e-m+fp/hard\libm.a(lib_a-s_atan.o)
                0x000000000800b830                . = ALIGN (0x4)

.ARM.extab      0x000000000800b830        0x0
                0x000000000800b830                . = ALIGN (0x4)
 *(.ARM.extab* .gnu.linkonce.armextab.*)
                0x000000000800b830                . = ALIGN (0x4)

.ARM            0x000000000800b830        0x8
                0x000000000800b830                . = ALIGN (0x4)
                0x000000000800b830                __exidx_start = .
 *(.ARM.exidx*)
 .ARM.exidx     0x000000000800b830        0x8 d:/st/stm32cubeide_1.7.0/stm32cubeide/plugins/com.st.stm32cube.ide.mcu.externaltools.gnu-tools-for-stm32.9-2020-q2-update.win32_2.0.0.202105311346/tools/bin/../lib/gcc/arm-none-eabi/9.3.1/thumb/v7e-m+fp/hard\libgcc.a(_udivmoddi4.o)
                0x000000000800b838                __exidx_end = .
                0x000000000800b838                . = ALIGN (0x4)

.rel.dyn        0x000000000800b838        0x0
 .rel.iplt      0x000000000800b838        0x0 d:/st/stm32cubeide_1.7.0/stm32cubeide/plugins/com.st.stm32cube.ide.mcu.externaltools.gnu-tools-for-stm32.9-2020-q2-update.win32_2.0.0.202105311346/tools/bin/../lib/gcc/arm-none-eabi/9.3.1/thumb/v7e-m+fp/hard/crtbegin.o

.preinit_array  0x000000000800b838        0x0
                0x000000000800b838                . = ALIGN (0x4)
                0x000000000800b838                PROVIDE (__preinit_array_start = .)
 *(.preinit_array*)
                0x000000000800b838                PROVIDE (__preinit_array_end = .)
                0x000000000800b838                . = ALIGN (0x4)

.init_array     0x000000000800b838        0x4
                0x000000000800b838                . = ALIGN (0x4)
                0x000000000800b838                PROVIDE (__init_array_start = .)
 *(SORT_BY_NAME(.init_array.*))
 *(.init_array*)
 .init_array    0x000000000800b838        0x4 d:/st/stm32cubeide_1.7.0/stm32cubeide/plugins/com.st.stm32cube.ide.mcu.externaltools.gnu-tools-for-stm32.9-2020-q2-update.win32_2.0.0.202105311346/tools/bin/../lib/gcc/arm-none-eabi/9.3.1/thumb/v7e-m+fp/hard/crtbegin.o
                0x000000000800b83c                PROVIDE (__init_array_end = .)
                0x000000000800b83c                . = ALIGN (0x4)

.fini_array     0x000000000800b83c        0x4
                0x000000000800b83c                . = ALIGN (0x4)
                [!provide]                        PROVIDE (__fini_array_start = .)
 *(SORT_BY_NAME(.fini_array.*))
 *(.fini_array*)
 .fini_array    0x000000000800b83c        0x4 d:/st/stm32cubeide_1.7.0/stm32cubeide/plugins/com.st.stm32cube.ide.mcu.externaltools.gnu-tools-for-stm32.9-2020-q2-update.win32_2.0.0.202105311346/tools/bin/../lib/gcc/arm-none-eabi/9.3.1/thumb/v7e-m+fp/hard/crtbegin.o
                [!provide]                        PROVIDE (__fini_array_end = .)
                0x000000000800b840                . = ALIGN (0x4)
                0x000000000800b840                _sidata = LOADADDR (.data)

.data           0x0000000020000000      0x1dc load address 0x000000000800b840
                0x0000000020000000                . = ALIGN (0x4)
                0x0000000020000000                _sdata = .
 *(.data)
 *(.data*)
 .data.SystemCoreClock
                0x0000000020000000        0x4 ./Core/Src/system_stm32f4xx.o
                0x0000000020000000                SystemCoreClock
 .data.uwTickPrio
                0x0000000020000004        0x4 ./Drivers/STM32F4xx_HAL_Driver/Src/stm32f4xx_hal.o
                0x0000000020000004                uwTickPrio
 .data.uwTickFreq
                0x0000000020000008        0x1 ./Drivers/STM32F4xx_HAL_Driver/Src/stm32f4xx_hal.o
                0x0000000020000008                uwTickFreq
 *fill*         0x0000000020000009        0x3 
 .data._impure_ptr
                0x000000002000000c        0x4 d:/st/stm32cubeide_1.7.0/stm32cubeide/plugins/com.st.stm32cube.ide.mcu.externaltools.gnu-tools-for-stm32.9-2020-q2-update.win32_2.0.0.202105311346/tools/bin/../lib/gcc/arm-none-eabi/9.3.1/../../../../arm-none-eabi/lib/thumb/v7e-m+fp/hard\libc_nano.a(lib_a-impure.o)
                0x000000002000000c                _impure_ptr
 .data.impure_data
                0x0000000020000010       0x60 d:/st/stm32cubeide_1.7.0/stm32cubeide/plugins/com.st.stm32cube.ide.mcu.externaltools.gnu-tools-for-stm32.9-2020-q2-update.win32_2.0.0.202105311346/tools/bin/../lib/gcc/arm-none-eabi/9.3.1/../../../../arm-none-eabi/lib/thumb/v7e-m+fp/hard\libc_nano.a(lib_a-impure.o)
 .data.__global_locale
                0x0000000020000070      0x16c d:/st/stm32cubeide_1.7.0/stm32cubeide/plugins/com.st.stm32cube.ide.mcu.externaltools.gnu-tools-for-stm32.9-2020-q2-update.win32_2.0.0.202105311346/tools/bin/../lib/gcc/arm-none-eabi/9.3.1/../../../../arm-none-eabi/lib/thumb/v7e-m+fp/hard\libc_nano.a(lib_a-locale.o)
                0x0000000020000070                __global_locale
 *(.RamFunc)
 *(.RamFunc*)
                0x00000000200001dc                . = ALIGN (0x4)
                0x00000000200001dc                _edata = .

.igot.plt       0x00000000200001dc        0x0 load address 0x000000000800ba1c
 .igot.plt      0x00000000200001dc        0x0 d:/st/stm32cubeide_1.7.0/stm32cubeide/plugins/com.st.stm32cube.ide.mcu.externaltools.gnu-tools-for-stm32.9-2020-q2-update.win32_2.0.0.202105311346/tools/bin/../lib/gcc/arm-none-eabi/9.3.1/thumb/v7e-m+fp/hard/crtbegin.o
                0x00000000200001dc                . = ALIGN (0x4)

.bss            0x00000000200001dc      0x340 load address 0x000000000800ba1c
                0x00000000200001dc                _sbss = .
                0x00000000200001dc                __bss_start__ = _sbss
 *(.bss)
 .bss           0x00000000200001dc       0x1c d:/st/stm32cubeide_1.7.0/stm32cubeide/plugins/com.st.stm32cube.ide.mcu.externaltools.gnu-tools-for-stm32.9-2020-q2-update.win32_2.0.0.202105311346/tools/bin/../lib/gcc/arm-none-eabi/9.3.1/thumb/v7e-m+fp/hard/crtbegin.o
 *(.bss*)
 .bss.idx       0x00000000200001f8        0x1 ./Core/Src/hoverserial.o
                0x00000000200001f8                idx
 .bss.incomingByte
                0x00000000200001f9        0x1 ./Core/Src/hoverserial.o
                0x00000000200001f9                incomingByte
 .bss.incomingBytePrev
                0x00000000200001fa        0x1 ./Core/Src/hoverserial.o
                0x00000000200001fa                incomingBytePrev
 *fill*         0x00000000200001fb        0x1 
 .bss.uart_rx_buffer
                0x00000000200001fc       0x20 ./Core/Src/ibus.o
 .bss.fail_safe_flag
                0x000000002000021c        0x1 ./Core/Src/ibus.o
 *fill*         0x000000002000021d        0x1 
 .bss.switch_vibrations_counter
                0x000000002000021e        0x2 ./Core/Src/leg_motor.o
                0x000000002000021e                switch_vibrations_counter
 .bss.acc_rawX  0x0000000020000220        0x2 ./Core/Src/mpu6050.o
                0x0000000020000220                acc_rawX
 .bss.acc_rawY  0x0000000020000222        0x2 ./Core/Src/mpu6050.o
                0x0000000020000222                acc_rawY
 .bss.acc_rawZ  0x0000000020000224        0x2 ./Core/Src/mpu6050.o
                0x0000000020000224                acc_rawZ
 .bss.Gyro_X_RAW
                0x0000000020000226        0x2 ./Core/Src/mpu6050.o
                0x0000000020000226                Gyro_X_RAW
 .bss.Gyro_Y_RAW
                0x0000000020000228        0x2 ./Core/Src/mpu6050.o
                0x0000000020000228                Gyro_Y_RAW
 .bss.Gyro_Z_RAW
                0x000000002000022a        0x2 ./Core/Src/mpu6050.o
                0x000000002000022a                Gyro_Z_RAW
 .bss.gyro_calibr
                0x000000002000022c        0x4 ./Core/Src/mpu6050.o
                0x000000002000022c                gyro_calibr
 .bss.acc_calibr
                0x0000000020000230        0x4 ./Core/Src/mpu6050.o
                0x0000000020000230                acc_calibr
 .bss.gyro_velocity
                0x0000000020000234        0x4 ./Core/Src/mpu6050.o
                0x0000000020000234                gyro_velocity
 .bss.e_n       0x0000000020000238        0x4 ./Core/Src/pid.o
                0x0000000020000238                e_n
 .bss.output    0x000000002000023c        0x4 ./Core/Src/pid.o
                0x000000002000023c                output
 .bss.Jazda     0x0000000020000240        0x2 ./Core/Src/setting_speed_rc.o
                0x0000000020000240                Jazda
 .bss.Robot_V   0x0000000020000242        0x2 ./Core/Src/setting_speed_rc.o
                0x0000000020000242                Robot_V
 .bss.Robot_Fi  0x0000000020000244        0x2 ./Core/Src/setting_speed_rc.o
                0x0000000020000244                Robot_Fi
 .bss.V_max     0x0000000020000246        0x2 ./Core/Src/setting_speed_rc.o
                0x0000000020000246                V_max
 .bss.Fi_max    0x0000000020000248        0x2 ./Core/Src/setting_speed_rc.o
                0x0000000020000248                Fi_max